// Jest Snapshot v1, https://goo.gl/fbAQLP

exports[`ApplicationListTools renders normally 1`] = `
<div
  class="applicationListTools"
>
  <button
    class="Button-module_button__3wgee button_hds-button__2A0je Button-module_secondary__399Vd button_hds-button--secondary__1NOWS Button-module_theme-coat__2xA5D button_hds-button--theme-coat__12cO0 marginRight"
    type="button"
  >
    <span
      class="Button-module_label__2zMLC button_hds-button__label__2EQa-"
    >
      Lähetä tarjous
    </span>
  </button>
  <span
    class="marginRight"
  >
    3 riviä valittu
  </span>
  <button
    class="marginRight"
  >
    <span
      class="text brand span"
    >
      Tyhjennä valinnat
    </span>
  </button>
</div>
`;
