// Jest Snapshot v1, https://goo.gl/fbAQLP

exports[`SendOffersListTool renders normally 1`] = `
<div
  class="applicationListTools"
>
  <button
    class="Button-module_button__1msFE button_hds-button__2A0je Button-module_secondary__1nABp button_hds-button--secondary__1NOWS Button-module_theme-coat__2_3U7 button_hds-button--theme-coat__12cO0 marginLeft"
    type="button"
  >
    <span
      class="Button-module_label__a4np1 button_hds-button__label__2EQa-"
    >
      Lähetä tarjous
    </span>
  </button>
  <span
    class="marginLeft"
  >
    3 riviä valittu
  </span>
  <button
    class="marginLeft"
  >
    <span
      class="text brand span"
    >
      Tyhjennä valinnat
    </span>
  </button>
</div>
`;
