// Jest Snapshot v1, https://goo.gl/fbAQLP

exports[`Pagination renders normally 1`] = `
<div
  class="pagination"
>
  <button
    class="prevBtn"
  >
    <svg
      class="Icon-module_icon__1Jtzj icon_hds-icon__1YqNC Icon-module_m__3edUY icon_hds-icon--size-m__1mcHv icon"
      role="img"
      viewBox="0 0 24 24"
      xmlns="http://www.w3.org/2000/svg"
    >
      <g
        fill="none"
        fill-rule="evenodd"
      >
        <rect
          height="24"
          width="24"
        />
        <polygon
          fill="currentColor"
          points="10 5.5 11.5 7 7.5 11 20 11 20 13 7.5 13 11.5 17 10 18.5 3.5 12"
        />
      </g>
    </svg>
    <span
      class="text standard span"
    >
      Edellinen
    </span>
  </button>
  <div>
    <div
      class="selectContainer"
    >
      <select
        class="select"
      >
        <option
          value="0"
        >
          1
        </option>
        <option
          value="1"
        >
          2
        </option>
        <option
          value="2"
        >
          3
        </option>
        <option
          selected=""
          value="3"
        >
          4
        </option>
        <option
          value="4"
        >
          5
        </option>
        <option
          value="5"
        >
          6
        </option>
        <option
          value="6"
        >
          7
        </option>
        <option
          value="7"
        >
          8
        </option>
        <option
          value="8"
        >
          9
        </option>
        <option
          value="9"
        >
          10
        </option>
      </select>
    </div>
    / 
    <button>
      <span
        class="text standard span underlined"
      >
        10
      </span>
    </button>
  </div>
  <button
    class="nextBtn"
  >
    <span
      class="text standard span"
    >
      Seuraava
    </span>
    <svg
      class="Icon-module_icon__1Jtzj icon_hds-icon__1YqNC Icon-module_m__3edUY icon_hds-icon--size-m__1mcHv icon"
      role="img"
      viewBox="0 0 24 24"
      xmlns="http://www.w3.org/2000/svg"
    >
      <g
        fill="none"
        fill-rule="evenodd"
      >
        <rect
          height="24"
          width="24"
        />
        <polygon
          fill="currentColor"
          points="10.5 5.5 12 7 8 11 20.5 11 20.5 13 8 13 12 17 10.5 18.5 4 12"
          transform="matrix(-1 0 0 1 24.5 0)"
        />
      </g>
    </svg>
  </button>
</div>
`;
