// Jest Snapshot v1, https://goo.gl/fbAQLP

exports[`Pagination renders normally 1`] = `
<div
  class="pagination"
>
  <button
    class="prevBtn"
  >
    <svg
      class="Icon-module_icon__1Jtzj icon_hds-icon__1YqNC Icon-module_m__3edUY icon_hds-icon--size-m__1mcHv icon"
      role="img"
      viewBox="0 0 24 24"
      xmlns="http://www.w3.org/2000/svg"
    >
      <g
        fill="none"
        fill-rule="evenodd"
      >
        <path
          d="M0 0h24v24H0z"
        />
        <path
          d="M10 5.636l1.414 1.414L7.465 11H20v2H7.464l3.95 3.95L10 18.364 3.636 12z"
          fill="currentColor"
        />
      </g>
    </svg>
    <span
      class="text standard span"
    >
      Edellinen
    </span>
  </button>
  <div>
    <div
      class="selectContainer"
    >
      <select
        class="select"
      >
        <option
          value="0"
        >
          1
        </option>
        <option
          value="1"
        >
          2
        </option>
        <option
          value="2"
        >
          3
        </option>
        <option
          selected=""
          value="3"
        >
          4
        </option>
        <option
          value="4"
        >
          5
        </option>
        <option
          value="5"
        >
          6
        </option>
        <option
          value="6"
        >
          7
        </option>
        <option
          value="7"
        >
          8
        </option>
        <option
          value="8"
        >
          9
        </option>
        <option
          value="9"
        >
          10
        </option>
      </select>
    </div>
    / 
    <button>
      <span
        class="text standard span underlined"
      >
        10
      </span>
    </button>
  </div>
  <button
    class="nextBtn"
  >
    <span
      class="text standard span"
    >
      Seuraava
    </span>
    <svg
      class="Icon-module_icon__1Jtzj icon_hds-icon__1YqNC Icon-module_m__3edUY icon_hds-icon--size-m__1mcHv icon"
      role="img"
      viewBox="0 0 24 24"
      xmlns="http://www.w3.org/2000/svg"
    >
      <g
        fill="none"
        fill-rule="evenodd"
      >
        <path
          d="M0 0h24v24H0z"
        />
        <path
          d="M12.586 7.05L14 5.636 20.364 12 14 18.364l-1.414-1.414 3.95-3.95H4v-2h12.535z"
          fill="currentColor"
        />
      </g>
    </svg>
  </button>
</div>
`;
