// Jest Snapshot v1, https://goo.gl/fbAQLP

exports[`Layout renders normally 1`] = `
<main
  class="layout"
>
  <header
    class="header"
  >
    <div>
      header
    </div>
  </header>
  <nav
    class="side"
  >
    <div
      class="sidebar"
    >
      <div>
        sidebar
      </div>
    </div>
    <div
      class="sidebarToggleArea"
    >
      <button
        class="Button-module_button__1msFE button_hds-button__2A0je Button-module_primary__2LfKB button_hds-button--primary__2NVvO Button-module_theme-coat__2_3U7 button_hds-button--theme-coat__12cO0 sidebarToggle"
        type="button"
      >
        <span
          class="Button-module_label__a4np1 button_hds-button__label__2EQa-"
        >
          <svg
            class="Icon-module_icon__1Jtzj icon_hds-icon__1YqNC Icon-module_s__2WGWe icon_hds-icon--size-s__2Lkik"
            role="img"
            viewBox="0 0 24 24"
            xmlns="http://www.w3.org/2000/svg"
          >
            <g
              fill="none"
              fill-rule="evenodd"
            >
              <polygon
                points="24 0 24 24 0 24 0 0"
              />
              <polygon
                fill="currentColor"
                points="10.5 12 15.5 17 14 18.5 7.5 12 14 5.5 15.5 7"
              />
            </g>
          </svg>
        </span>
      </button>
    </div>
  </nav>
  <div
    class="content"
  >
    Content
  </div>
  <footer
    class="footer"
  >
    <footer>
      footer
    </footer>
  </footer>
</main>
`;
