// Jest Snapshot v1, https://goo.gl/fbAQLP

exports[`CustomerMessageFormContainer renders normally 1`] = `
<form
  class="form"
>
  <h4
    class="text brand h4"
  >
    VIESTI
  </h4>
  <div
    class="grid cols2"
  >
    <div
      class="Select-module_root__Ka5uO select"
    >
      <label
        class="FieldLabel-module_label__2tl-4 text-input_hds-text-input__label__pDw_W "
        for="templateId-toggle-button"
        id="templateId-label"
      >
        Viestipohja
        <span
          aria-hidden="true"
          class="RequiredIndicator-module_indicator__Pt7GX text-input_hds-text-input__required__2K-Bs"
        >
          *
        </span>
      </label>
      <div
        class="Select-module_wrapper__1WQXs"
      >
        <button
          aria-expanded="false"
          aria-haspopup="listbox"
          aria-labelledby="templateId-label templateId-toggle-button"
          aria-owns="templateId-menu"
          class="Select-module_button__1aIsm"
          id="templateId-toggle-button"
          type="button"
        >
          berth_application_created
          <svg
            aria-hidden="true"
            class="Icon-module_icon__1Jtzj icon_hds-icon__1YqNC Icon-module_s__2WGWe icon_hds-icon--size-s__2Lkik Select-module_angleIcon__2-9AD"
            role="img"
            viewBox="0 0 24 24"
            xmlns="http://www.w3.org/2000/svg"
          >
            <g
              fill="none"
              fill-rule="evenodd"
            >
              <path
                d="M0 0h24v24H0z"
              />
              <path
                d="M12 13.5l5-5 1.5 1.5-6.5 6.5L5.5 10 7 8.5z"
                fill="currentColor"
              />
            </g>
          </svg>
        </button>
        <ul
          aria-labelledby="templateId-label"
          aria-required="true"
          class="Select-module_menu__1H2aU"
          id="templateId-menu"
          role="listbox"
          style="max-height: 260px;"
          tabindex="-1"
        />
      </div>
    </div>
    <div
      class="recipientCount"
    >
      2 vastaanottajaa
    </div>
  </div>
  <div
    class="TextInput-module_root__2CMNr text-input_hds-text-input__2LODq"
  >
    <label
      class="FieldLabel-module_label__2tl-4 text-input_hds-text-input__label__pDw_W "
      for="subject"
    >
      Viestin aihe
      <span
        aria-hidden="true"
        class="RequiredIndicator-module_indicator__Pt7GX text-input_hds-text-input__required__2K-Bs"
      >
        *
      </span>
    </label>
    <div
      class="TextInput-module_inputWrapper__3Rvel text-input_hds-text-input__input-wrapper__1OqYG"
    >
      <input
        class="TextInput-module_input__1BlHi text-input_hds-text-input__input__GJm5C"
        id="subject"
        required=""
        type="text"
        value=""
      />
    </div>
  </div>
  <div
    class="TextInput-module_root__2CMNr text-input_hds-text-input__2LODq message"
  >
    <label
      class="FieldLabel-module_label__2tl-4 text-input_hds-text-input__label__pDw_W "
      for="message"
    >
      Viesti
    </label>
    <div
      class="TextInput-module_inputWrapper__3Rvel text-input_hds-text-input__input-wrapper__1OqYG"
    >
      <textarea
        class="TextInput-module_input__1BlHi text-input_hds-text-input__input__GJm5C"
        id="message"
      />
    </div>
    <div
      class="TextInput-module_helperText__2dLR6 text-input_hds-text-input__helper-text__3V2KM"
    >
      Voit tarkastella viestiä esikatselussa ennen lähetystä.
    </div>
  </div>
  <div
    class="formActionButtons"
  >
    <button
      class="Button-module_button__3wgee button_hds-button__2A0je Button-module_secondary__399Vd button_hds-button--secondary__1NOWS Button-module_theme-coat__2xA5D button_hds-button--theme-coat__12cO0"
      type="button"
    >
      <span
        class="Button-module_label__2zMLC button_hds-button__label__2EQa-"
      >
        Peruuta
      </span>
    </button>
    <div
      class="formActionButtonsRight"
    >
      <button
        class="Button-module_button__3wgee button_hds-button__2A0je Button-module_secondary__399Vd button_hds-button--secondary__1NOWS Button-module_theme-coat__2xA5D button_hds-button--theme-coat__12cO0"
        type="button"
      >
        <span
          class="Button-module_label__2zMLC button_hds-button__label__2EQa-"
        >
          Esikatsele
        </span>
      </button>
      <button
        class="Button-module_button__3wgee button_hds-button__2A0je Button-module_primary__3bo_T button_hds-button--primary__2NVvO Button-module_theme-coat__2xA5D button_hds-button--theme-coat__12cO0"
        type="submit"
      >
        <span
          class="Button-module_label__2zMLC button_hds-button__label__2EQa-"
        >
          Lähetä
        </span>
      </button>
    </div>
  </div>
</form>
`;
