// Jest Snapshot v1, https://goo.gl/fbAQLP

exports[`RadioButton renders normally 1`] = `
<div
  class="RadioButton-module_radioButton__1xM1I radio-button_hds-radio-button__1kktv radioButton"
>
  <input
    class="RadioButton-module_input__1cTWc radio-button_hds-radio-button__input__27sH6"
    id="test"
    type="radio"
  />
  <label
    class="RadioButton-module_label__3Zij9 radio-button_hds-radio-button__label__1XnIa"
    for="test"
  />
</div>
`;
