// Jest Snapshot v1, https://goo.gl/fbAQLP

exports[`utils getBerthsData should return an array of BerthPrice objects 1`] = `
Array [
  Object {
    "TIER_1": 50,
    "TIER_2": 75,
    "TIER_3": 100,
    "id": "68ac7db5-b397-48f6-af19-99c35d645cb6",
    "name": "3,0 m - 7,0 m",
    "productId": "68ac7db5-b397-48f6-af19-99c35d645cb6",
  },
]
`;
