// Jest Snapshot v1, https://goo.gl/fbAQLP

exports[`Expandable renders normally 1`] = `"<div class=\\"expandable\\"><div class=\\"headerBtn label\\" role=\\"button\\">Click me</div><div class=\\"headerBtn arrow\\"><button type=\\"button\\" class=\\"_3wgeeaHxiHujNcKzeML5j4 _3aSBFzRPhZcNdul13_gERo _399Vd_uWgH-92CTowU70kQ\\"><span class=\\"_2zMLCVF6mmvV2UqfaBF5K\\"><div class=\\"icon standard standard\\"><svg class=\\"shape\\">angle-down.svg</svg></div></span></button></div></div><div class=\\"children\\"><div>one</div><div>two</div></div>"`;
