// Jest Snapshot v1, https://goo.gl/fbAQLP

exports[`LeasesCard renders normally 1`] = `
<div
  class="card"
>
  <div
    class="cardHeader"
  >
    <span
      class="title"
    >
      title
    </span>
  </div>
  <div
    class="cardBody"
  >
    <span
      class="StatusLabel-module_statusLabel__3R2J2 status-label_hds-status-label__1L8YI status"
    >
      Luotu
    </span>
    <article
      class="section"
    >
      <h4
        class="text standard h4 m title"
      >
        infoSectionTitle
      </h4>
      <section
        class="body"
      >
        <div
          class="labelValuePair"
        >
          <span
            class="label standard"
          >
            addressLabel:
          </span>
          <span
            class="value left"
          >
            <a
              class="internalLink brand"
              href="#/link"
              title="Pursilahdenranta"
            >
              Pursilahdenranta
            </a>
          </span>
        </div>
        <div
          class="labelValuePair"
        >
          <span
            class="label standard"
          >
            Voimassa:
          </span>
          <span
            class="value left"
          >
            14.06.2019 - 10.09.2019
          </span>
        </div>
      </section>
    </article>
  </div>
  <div
    class="cardBody"
  >
    <span
      class="StatusLabel-module_statusLabel__3R2J2 status-label_hds-status-label__1L8YI StatusLabel-module_error__zNgn8 status-label_hds-status-label--error__2EYi4 status"
    >
      Irtisanottu
    </span>
    <article
      class="section"
    >
      <h4
        class="text standard h4 m title"
      >
        infoSectionTitle
      </h4>
      <section
        class="body"
      >
        <div
          class="labelValuePair"
        >
          <span
            class="label standard"
          >
            addressLabel:
          </span>
          <span
            class="value left"
          >
            <a
              class="internalLink brand"
              href="#/link"
              title="Telakkakatu 1"
            >
              Telakkakatu 1
            </a>
          </span>
        </div>
        <div
          class="labelValuePair"
        >
          <span
            class="label standard"
          >
            Voimassa:
          </span>
          <span
            class="value left"
          >
            20.05.2019 - 15.06.2020
          </span>
        </div>
      </section>
    </article>
  </div>
   
</div>
`;
