// Jest Snapshot v1, https://goo.gl/fbAQLP

exports[`InvoicingHistoryCard renders correctly 1`] = `
<div
  class="card"
>
  <div
    class="cardHeader"
  >
    <span
      class="title"
    >
      LASKUHISTORIA
    </span>
  </div>
  <div
    class="cardBody"
  >
    <div>
      <button
        class="Button-module_button__3wgee button_hds-button__2A0je Button-module_primary__3bo_T button_hds-button--primary__2NVvO Button-module_theme-coat__2xA5D button_hds-button--theme-coat__12cO0"
        type="button"
      >
        <span
          class="Button-module_label__2zMLC button_hds-button__label__2EQa-"
        >
          Luo uusi lisäpalvelulasku
        </span>
      </button>
    </div>
    <article
      class="section"
    >
      <section
        class="body"
      >
        <div
          class="grid cols5"
        >
          <div
            class="gridHeader"
          >
            Tyyppi
          </div>
          <div
            class="gridHeader"
          >
            Kausi
          </div>
          <div
            class="gridHeader"
          >
            Eräpäivä
          </div>
          <div
            class="gridHeader"
          >
            Summa
          </div>
          <div
            class="gridHeader"
          >
            Tila
          </div>
          <button
            class="gridItem"
          >
            <span
              class="text brand span"
            >
              Venepaikan vuokra
            </span>
          </button>
          <div
            class="gridItem"
          >
            <span
              class="text standard span"
            >
              26.06.2020 - 14.09.2020
            </span>
          </div>
          <div
            class="gridItem"
          >
            <span
              class="text standard span"
            >
              10.07.2020
            </span>
          </div>
          <div
            class="gridItem"
          >
            <span
              class="text standard span"
            >
              191,70 €
            </span>
          </div>
          <div
            class="gridItem"
          >
            <span
              class="StatusLabel-module_statusLabel__3R2J2 status-label_hds-status-label__1L8YI StatusLabel-module_alert__2VR8r status-label_hds-status-label--alert__1ecsX warning"
            >
              Odottaa maksua
            </span>
          </div>
        </div>
      </section>
    </article>
  </div>
   
</div>
`;
