// Jest Snapshot v1, https://goo.gl/fbAQLP

exports[`winterStorageApplicationView utils getWinterStorageApplicationDetailsData parses data correctly 1`] = `
Object {
  "applicant": Object {
    "customerGroup": "PRIVATE",
    "firstName": "test",
    "language": "ENGLISH",
    "lastName": "test",
    "primaryAddress": Object {
      "address": "test",
      "city": "helsinki",
      "postalCode": "00100",
    },
    "primaryEmail": "test@test.com",
    "primaryPhone": "555555",
  },
  "applicationCode": "1234",
  "applicationType": "WINTER_STORAGE",
  "boatLength": 1,
  "boatModel": "test",
  "boatName": "test",
  "boatRegistrationNumber": "test",
  "boatType": "Perämoottorivene",
  "boatWidth": 1,
  "choices": Array [
    Object {
      "priority": 1,
      "winterStorageArea": "MOCK-WINTER-STORAGE-AREA-0",
      "winterStorageAreaName": "Iso-Sarvasto",
    },
    Object {
      "priority": 2,
      "winterStorageArea": "MOCK-WINTER-STORAGE-AREA-1",
      "winterStorageAreaName": "Rajasaari",
    },
  ],
  "createdAt": "2019-05-06T10:54:21.746387+00:00",
  "customerId": undefined,
  "id": "V2ludGVyU3RvcmFnZUFwcGxpY2F0aW9uTm9kZTox",
  "lease": null,
  "queue": 0,
  "status": "PENDING",
  "summaryInformation": Object {
    "acceptBoatingNewsletter": true,
    "acceptFitnessNews": true,
    "acceptLibraryNews": true,
    "acceptOtherCultureNews": true,
    "applicationCode": "1234",
  },
}
`;
