// Jest Snapshot v1, https://goo.gl/fbAQLP

exports[`HarborServicesFields renders normally 1`] = `
Array [
  <div
    class="row"
  >
    <div>
      <div
        class="formTypeTitleLabel"
      >
        Tietue
      </div>
      <div
        class="formTypeTitleValue"
      >
        Satamapalvelut
      </div>
    </div>
  </div>,
  <hr />,
  <div
    class="grid cols1 row"
  >
    <div
      class="Select-module_root__Ka5uO Select-module_disabled__3MKDP"
    >
      <label
        class="FieldLabel-module_label__1zrXK "
        for="service-toggle-button"
        id="service-label"
      >
        Palvelu
        <span
          class="RequiredIndicator-module_indicator__Pt7GX text-input_hds-text-input__required__2K-Bs"
        >
           *
        </span>
      </label>
      <div
        class="Select-module_wrapper__1WQXs"
      >
        <button
          aria-expanded="false"
          aria-haspopup="listbox"
          aria-labelledby="service-label service-toggle-button"
          aria-owns="service-menu"
          class="Select-module_button__1aIsm"
          disabled=""
          id="service-toggle-button"
          type="button"
        >
          <span
            class="Select-module_buttonLabel__1fqu5"
          >
            Kiinnitys
          </span>
          <svg
            aria-hidden="true"
            class="Icon-module_icon__1Jtzj icon_hds-icon__1YqNC Icon-module_s__2WGWe icon_hds-icon--size-s__2Lkik Select-module_angleIcon__2-9AD"
            role="img"
            viewBox="0 0 24 24"
            xmlns="http://www.w3.org/2000/svg"
          >
            <g
              fill="none"
              fill-rule="evenodd"
            >
              <path
                d="M0 0h24v24H0z"
              />
              <path
                d="M12 13.5l5-5 1.5 1.5-6.5 6.5L5.5 10 7 8.5z"
                fill="currentColor"
              />
            </g>
          </svg>
        </button>
        <ul
          aria-labelledby="service-label"
          aria-required="true"
          class="Select-module_menu__1H2aU Select-module_overflow__EZdsW"
          id="service-menu"
          role="listbox"
          style="max-height: 260px;"
          tabindex="-1"
        />
      </div>
    </div>
  </div>,
  <div
    class="grid cols2 row"
  >
    <div
      class="TextInput-module_root__2CMNr text-input_hds-text-input__2LODq"
    >
      <label
        class="FieldLabel-module_label__1zrXK "
        for="price"
      >
        Hinta
        <span
          class="RequiredIndicator-module_indicator__Pt7GX text-input_hds-text-input__required__2K-Bs"
        >
           *
        </span>
      </label>
      <div
        class="TextInput-module_inputWrapper__3Rvel text-input_hds-text-input__input-wrapper__1OqYG"
      >
        <input
          class="TextInput-module_input__1BlHi text-input_hds-text-input__input__GJm5C"
          id="price"
          name="price"
          required=""
          type="text"
          value="28"
        />
      </div>
    </div>
    <div
      class="Select-module_root__Ka5uO"
    >
      <label
        class="FieldLabel-module_label__1zrXK "
        for="unit-toggle-button"
        id="unit-label"
      >
        Yksikkö
      </label>
      <div
        class="Select-module_wrapper__1WQXs"
      >
        <button
          aria-expanded="false"
          aria-haspopup="listbox"
          aria-labelledby="unit-label unit-toggle-button"
          aria-owns="unit-menu"
          class="Select-module_button__1aIsm"
          id="unit-toggle-button"
          type="button"
        >
          <span
            class="Select-module_buttonLabel__1fqu5"
          >
            %
          </span>
          <svg
            aria-hidden="true"
            class="Icon-module_icon__1Jtzj icon_hds-icon__1YqNC Icon-module_s__2WGWe icon_hds-icon--size-s__2Lkik Select-module_angleIcon__2-9AD"
            role="img"
            viewBox="0 0 24 24"
            xmlns="http://www.w3.org/2000/svg"
          >
            <g
              fill="none"
              fill-rule="evenodd"
            >
              <path
                d="M0 0h24v24H0z"
              />
              <path
                d="M12 13.5l5-5 1.5 1.5-6.5 6.5L5.5 10 7 8.5z"
                fill="currentColor"
              />
            </g>
          </svg>
        </button>
        <ul
          aria-labelledby="unit-label"
          class="Select-module_menu__1H2aU"
          id="unit-menu"
          role="listbox"
          style="max-height: 260px;"
          tabindex="-1"
        />
      </div>
    </div>
  </div>,
  <div
    class="grid cols2 row"
  >
    <div
      class="Select-module_root__Ka5uO Select-module_disabled__3MKDP"
    >
      <label
        class="FieldLabel-module_label__1zrXK "
        for="period-toggle-button"
        id="period-label"
      >
        Aika
      </label>
      <div
        class="Select-module_wrapper__1WQXs"
      >
        <button
          aria-expanded="false"
          aria-haspopup="listbox"
          aria-labelledby="period-label period-toggle-button"
          aria-owns="period-menu"
          class="Select-module_button__1aIsm"
          disabled=""
          id="period-toggle-button"
          type="button"
        >
          <span
            class="Select-module_buttonLabel__1fqu5"
          >
            Kausi
          </span>
          <svg
            aria-hidden="true"
            class="Icon-module_icon__1Jtzj icon_hds-icon__1YqNC Icon-module_s__2WGWe icon_hds-icon--size-s__2Lkik Select-module_angleIcon__2-9AD"
            role="img"
            viewBox="0 0 24 24"
            xmlns="http://www.w3.org/2000/svg"
          >
            <g
              fill="none"
              fill-rule="evenodd"
            >
              <path
                d="M0 0h24v24H0z"
              />
              <path
                d="M12 13.5l5-5 1.5 1.5-6.5 6.5L5.5 10 7 8.5z"
                fill="currentColor"
              />
            </g>
          </svg>
        </button>
        <ul
          aria-labelledby="period-label"
          class="Select-module_menu__1H2aU"
          id="period-menu"
          role="listbox"
          style="max-height: 260px;"
          tabindex="-1"
        />
      </div>
    </div>
  </div>,
]
`;
