// Jest Snapshot v1, https://goo.gl/fbAQLP

exports[`GlobalSearchTableTools renders normally 1`] = `
<div
  class="globalSearchTableTools"
>
  <div
    class="TextInput-module_root__2CMNr text-input_hds-text-input__2LODq filterField"
  >
    <div
      class="TextInput-module_inputWrapper__3Rvel text-input_hds-text-input__input-wrapper__1OqYG"
    >
      <input
        class="TextInput-module_input__1BlHi text-input_hds-text-input__input__GJm5C"
        id="textSearchGlobalFilter"
        placeholder="Haku"
        type="text"
      />
    </div>
  </div>
</div>
`;
