// Jest Snapshot v1, https://goo.gl/fbAQLP

exports[`ApplicationTableTools renders correctly 1`] = `
<div
  class="container"
>
  <div
    class="leftContainer"
  >
    <span>
      Tuloksien lukumäärä: 1
    </span>
  </div>
  <div
    class="filtersContainer"
  >
    <div
      class="TextInput-module_root__2CMNr text-input_hds-text-input__2LODq"
    >
      <label
        class="FieldLabel-module_label__1zrXK "
        for="applicationStateTableTools_nameFilter"
      >
        Asiakkaan nimi
      </label>
      <div
        class="TextInput-module_inputWrapper__3Rvel text-input_hds-text-input__input-wrapper__1OqYG"
      >
        <input
          class="TextInput-module_input__1BlHi text-input_hds-text-input__input__GJm5C"
          id="applicationStateTableTools_nameFilter"
          type="text"
          value=""
        />
      </div>
    </div>
    <div
      class="Select-module_root__Ka5uO select"
    >
      <label
        class="FieldLabel-module_label__1zrXK "
        for="hds-select-1-toggle-button"
        id="hds-select-1-label"
      >
        Hakemuksen tila
      </label>
      <div
        class="Select-module_wrapper__1WQXs"
      >
        <button
          aria-expanded="false"
          aria-haspopup="listbox"
          aria-labelledby="hds-select-1-label hds-select-1-toggle-button"
          aria-owns="hds-select-1-menu"
          class="Select-module_button__1aIsm"
          id="hds-select-1-toggle-button"
          type="button"
        >
          <span
            class="Select-module_buttonLabel__1fqu5"
          >
            Kaikki
          </span>
          <svg
            aria-hidden="true"
            class="Icon-module_icon__1Jtzj icon_hds-icon__1YqNC Icon-module_s__2WGWe icon_hds-icon--size-s__2Lkik Select-module_angleIcon__2-9AD"
            role="img"
            viewBox="0 0 24 24"
            xmlns="http://www.w3.org/2000/svg"
          >
            <g
              fill="none"
              fill-rule="evenodd"
            >
              <path
                d="M0 0h24v24H0z"
              />
              <path
                d="M12 13.5l5-5 1.5 1.5-6.5 6.5L5.5 10 7 8.5z"
                fill="currentColor"
              />
            </g>
          </svg>
        </button>
        <ul
          aria-labelledby="hds-select-1-label"
          class="Select-module_menu__1H2aU"
          id="hds-select-1-menu"
          role="listbox"
          style="max-height:468px"
          tabindex="-1"
        />
      </div>
    </div>
  </div>
</div>
`;
