// Jest Snapshot v1, https://goo.gl/fbAQLP

exports[`LinkApplicationToCustomerContainer renders normally 1`] = `
Array [
  <div
    class="fullWidth"
  >
    <section
      aria-atomic="true"
      aria-label="Notification"
      class="Notification-module_notification__2hN3H notification_hds-notification__2DQPN Notification-module_alert__1Erry notification_hds-notification--alert__1MV7H"
    >
      <div
        class="Notification-module_content__ZZKvE notification_hds-notification__content__5ylSS"
      >
        <div
          aria-level="2"
          class="Notification-module_label__1bhNu notification_hds-notification__label__2t1lR"
          role="heading"
        >
          <svg
            aria-hidden="true"
            class="Icon-module_icon__1Jtzj icon_hds-icon__1YqNC Icon-module_s__2WGWe icon_hds-icon--size-s__2Lkik Notification-module_icon__1ans7 notification_hds-icon__29HQM"
            role="img"
            viewBox="0 0 24 24"
            xmlns="http://www.w3.org/2000/svg"
          >
            <g
              fill="none"
              fill-rule="evenodd"
            >
              <rect
                height="24"
                width="24"
              />
              <path
                d="M12,3 C16.9705627,3 21,7.02943725 21,12 C21,16.9705627 16.9705627,21 12,21 C7.02943725,21 3,16.9705627 3,12 C3,7.02943725 7.02943725,3 12,3 Z M13,16 L13,18 L11,18 L11,16 L13,16 Z M13,6 L13,14 L11,14 L11,6 L13,6 Z"
                fill="currentColor"
              />
            </g>
          </svg>
          Hakemusta ei ole liitetty mihinkään asiakkaaseen
        </div>
        <div
          class="Notification-module_body__9BSAD notification_hds-notification__body__3cobH"
        >
          Liitä hakemus olemassa olevaan asiakasprofiiliin tai luo uusi asiakasprofiili hakemuksen tiedoilla.
        </div>
      </div>
    </section>
  </div>,
  <div
    class="fullWidth"
  >
    <div
      class="customersTableTools"
    >
      <div
        class="Select-module_root__Ka5uO select"
      >
        <div
          class="Select-module_wrapper__1WQXs"
        >
          <button
            aria-expanded="false"
            aria-haspopup="listbox"
            aria-labelledby="hds-select-1-label hds-select-1-toggle-button"
            aria-owns="hds-select-1-menu"
            class="Select-module_button__1aIsm"
            id="hds-select-1-toggle-button"
            type="button"
          >
            <span
              class="Select-module_buttonLabel__1fqu5"
            >
              Sukunimi
            </span>
            <svg
              aria-hidden="true"
              class="Icon-module_icon__1Jtzj icon_hds-icon__1YqNC Icon-module_s__2WGWe icon_hds-icon--size-s__2Lkik Select-module_angleIcon__2-9AD"
              role="img"
              viewBox="0 0 24 24"
              xmlns="http://www.w3.org/2000/svg"
            >
              <g
                fill="none"
                fill-rule="evenodd"
              >
                <path
                  d="M0 0h24v24H0z"
                />
                <path
                  d="M12 13.5l5-5 1.5 1.5-6.5 6.5L5.5 10 7 8.5z"
                  fill="currentColor"
                />
              </g>
            </svg>
          </button>
          <ul
            aria-labelledby="hds-select-1-label"
            aria-required="true"
            class="Select-module_menu__1H2aU"
            id="hds-select-1-menu"
            role="listbox"
            style="max-height: 260px;"
            tabindex="-1"
          />
        </div>
      </div>
      <div
        class="TextInput-module_root__2CMNr text-input_hds-text-input__2LODq searchInput"
      >
        <div
          class="TextInput-module_inputWrapper__3Rvel text-input_hds-text-input__input-wrapper__1OqYG"
        >
          <input
            class="TextInput-module_input__1BlHi text-input_hds-text-input__input__GJm5C"
            id="searchSimilarCustomers"
            type="text"
            value="Käyttäjä"
          />
        </div>
      </div>
      <button
        aria-disabled="true"
        class="Button-module_button__1msFE button_hds-button__2A0je Button-module_primary__2LfKB button_hds-button--primary__2NVvO Button-module_theme-coat__2_3U7 button_hds-button--theme-coat__12cO0"
        disabled=""
        type="button"
      >
        <span
          class="Button-module_label__a4np1 button_hds-button__label__2EQa-"
        >
          Liitä valittuun
        </span>
      </button>
      <button
        class="Button-module_button__1msFE button_hds-button__2A0je Button-module_secondary__1nABp button_hds-button--secondary__1NOWS Button-module_theme-coat__2_3U7 button_hds-button--theme-coat__12cO0"
        type="button"
      >
        <span
          class="Button-module_label__a4np1 button_hds-button__label__2EQa-"
        >
          Luo uusi asiakas
        </span>
      </button>
    </div>
    <div
      class="tableWrapper"
    >
      <div
        class="table primary"
        role="table"
        style="min-width: 75px;"
      >
        <div
          class="stickyHeaders"
        >
          <div
            class="header mainHeader"
          >
            LIITÄ HAKEMUS OLEMASSA OLEVAAN ASIAKASPROFIILIIN
          </div>
          <div
            class="header"
            role="row"
            style="display: flex; flex: 1 0 auto; min-width: 75px;"
          >
            <div
              class="headerCell radioSelector"
              colspan="1"
              role="columnheader"
              style="box-sizing: border-box; flex: 75 0 auto; min-width: 75px; width: 75px;"
            >
               
            </div>
            <div
              class="headerCell"
              colspan="1"
              role="columnheader"
              style="box-sizing: border-box; flex: 150 0 auto; min-width: 0px; width: 150px; cursor: pointer;"
              title="Toggle SortBy"
            >
              Nimi
              <div
                class="sortArrowWrapper"
              >
                <svg
                  class="Icon-module_icon__1Jtzj icon_hds-icon__1YqNC Icon-module_m__3edUY icon_hds-icon--size-m__1mcHv sortArrow sortArrowDown"
                  role="img"
                  viewBox="0 0 24 24"
                  xmlns="http://www.w3.org/2000/svg"
                >
                  <g
                    fill="none"
                    fill-rule="evenodd"
                  >
                    <rect
                      height="24"
                      width="24"
                    />
                    <polygon
                      fill="currentColor"
                      points="10 5.5 11.5 7 7.5 11 20 11 20 13 7.5 13 11.5 17 10 18.5 3.5 12"
                    />
                  </g>
                </svg>
              </div>
            </div>
            <div
              class="headerCell"
              colspan="1"
              role="columnheader"
              style="box-sizing: border-box; flex: 150 0 auto; min-width: 0px; width: 150px;"
            >
              Asiakasryhmä
            </div>
            <div
              class="headerCell"
              colspan="1"
              role="columnheader"
              style="box-sizing: border-box; flex: 150 0 auto; min-width: 0px; width: 150px;"
            >
              Kotikunta
            </div>
            <div
              class="headerCell"
              colspan="1"
              role="columnheader"
              style="box-sizing: border-box; flex: 150 0 auto; min-width: 0px; width: 150px;"
            >
              Jakeluosoite
            </div>
            <div
              class="headerCell"
              colspan="1"
              role="columnheader"
              style="box-sizing: border-box; flex: 150 0 auto; min-width: 0px; width: 150px;"
            >
              Venepaikat
            </div>
            <div
              class="headerCell"
              colspan="1"
              role="columnheader"
              style="box-sizing: border-box; flex: 150 0 auto; min-width: 0px; width: 150px;"
            >
              Talvisäilytyspaikat
            </div>
          </div>
        </div>
        <div
          role="rowgroup"
        >
          <div
            class="rowWrapper"
            role="row"
          >
            <div
              class="tableCell"
            >
              <div>
                Rajauksella ei löytynyt asiakastietoja
              </div>
            </div>
          </div>
        </div>
      </div>
    </div>
    <div
      class="pagination fullWidth"
    >
      <button
        class="prevBtn disabled"
        disabled=""
      >
        <svg
          class="Icon-module_icon__1Jtzj icon_hds-icon__1YqNC Icon-module_m__3edUY icon_hds-icon--size-m__1mcHv icon"
          role="img"
          viewBox="0 0 24 24"
          xmlns="http://www.w3.org/2000/svg"
        >
          <g
            fill="none"
            fill-rule="evenodd"
          >
            <rect
              height="24"
              width="24"
            />
            <polygon
              fill="currentColor"
              points="10 5.5 11.5 7 7.5 11 20 11 20 13 7.5 13 11.5 17 10 18.5 3.5 12"
            />
          </g>
        </svg>
        <span
          class="text standard span"
        >
          Edellinen
        </span>
      </button>
      <div>
        <div
          class="selectContainer"
        >
          <select
            class="select"
          >
            <option
              value="0"
            >
              1
            </option>
          </select>
        </div>
        / 
        <button>
          <span
            class="text standard span underlined"
          >
            1
          </span>
        </button>
      </div>
      <button
        class="nextBtn disabled"
        disabled=""
      >
        <span
          class="text standard span"
        >
          Seuraava
        </span>
        <svg
          class="Icon-module_icon__1Jtzj icon_hds-icon__1YqNC Icon-module_m__3edUY icon_hds-icon--size-m__1mcHv icon"
          role="img"
          viewBox="0 0 24 24"
          xmlns="http://www.w3.org/2000/svg"
        >
          <g
            fill="none"
            fill-rule="evenodd"
          >
            <rect
              height="24"
              width="24"
            />
            <polygon
              fill="currentColor"
              points="10.5 5.5 12 7 8 11 20.5 11 20.5 13 8 13 12 17 10.5 18.5 4 12"
              transform="matrix(-1 0 0 1 24.5 0)"
            />
          </g>
        </svg>
      </button>
    </div>
  </div>,
]
`;
