// Jest Snapshot v1, https://goo.gl/fbAQLP

exports[`features/harborView/BerthEditForm initially renders loading spinner 1`] = `
<div
  class="spinnerWrapper"
>
  <div
    class="LoadingSpinner-module_loadingSpinner__2xHT_"
  >
    <div />
    <div />
    <div />
  </div>
</div>
`;

exports[`features/harborView/BerthEditForm renders content after loading 1`] = `
<form
  class="form"
>
  <div
    class="heading"
  >
    <h4
      class="text brand h4"
    >
      Venepaikka
    </h4>
    <button
      type="button"
    >
      <span
        class="text critical span"
      >
        Poista venepaikka
      </span>
    </button>
  </div>
  <div
    class="grid cols3 grid"
  >
    <div
      class="Select-module_root__Ka5uO Select-module_disabled__3MKDP"
    >
      <label
        class="FieldLabel-module_label__1zrXK "
        for="pierId-toggle-button"
        id="pierId-label"
      >
        Laituri
        <span
          class="RequiredIndicator-module_indicator__Pt7GX text-input_hds-text-input__required__2K-Bs"
        >
           *
        </span>
      </label>
      <div
        class="Select-module_wrapper__1WQXs"
      >
        <button
          aria-expanded="false"
          aria-haspopup="listbox"
          aria-labelledby="pierId-label pierId-toggle-button"
          aria-owns="pierId-menu"
          class="Select-module_button__1aIsm"
          disabled=""
          id="pierId-toggle-button"
          type="button"
        >
          <span
            class="Select-module_buttonLabel__1fqu5"
          >
            A
          </span>
          <svg
            aria-hidden="true"
            class="Icon-module_icon__1Jtzj icon_hds-icon__1YqNC Icon-module_s__2WGWe icon_hds-icon--size-s__2Lkik Select-module_angleIcon__2-9AD"
            role="img"
            viewBox="0 0 24 24"
            xmlns="http://www.w3.org/2000/svg"
          >
            <g
              fill="none"
              fill-rule="evenodd"
            >
              <path
                d="M0 0h24v24H0z"
              />
              <path
                d="M12 13.5l5-5 1.5 1.5-6.5 6.5L5.5 10 7 8.5z"
                fill="currentColor"
              />
            </g>
          </svg>
        </button>
        <ul
          aria-labelledby="pierId-label"
          aria-required="true"
          class="Select-module_menu__1H2aU"
          id="pierId-menu"
          role="listbox"
          style="max-height: 260px;"
          tabindex="-1"
        />
      </div>
    </div>
    <div
      class="TextInput-module_root__2CMNr text-input_hds-text-input__2LODq"
    >
      <label
        class="FieldLabel-module_label__1zrXK "
        for="number"
      >
        Paikka
      </label>
      <div
        class="TextInput-module_inputWrapper__3Rvel text-input_hds-text-input__input-wrapper__1OqYG"
      >
        <input
          class="TextInput-module_input__1BlHi text-input_hds-text-input__input__GJm5C"
          disabled=""
          id="number"
          type="text"
          value="2"
        />
      </div>
    </div>
    <div />
    <div
      class="TextInput-module_root__2CMNr text-input_hds-text-input__2LODq"
    >
      <label
        class="FieldLabel-module_label__1zrXK "
        for="width"
      >
        Leveys (m)
      </label>
      <div
        class="TextInput-module_inputWrapper__3Rvel text-input_hds-text-input__input-wrapper__1OqYG"
      >
        <input
          class="TextInput-module_input__1BlHi text-input_hds-text-input__input__GJm5C"
          id="width"
          type="text"
          value="2,25"
        />
      </div>
    </div>
    <div
      class="TextInput-module_root__2CMNr text-input_hds-text-input__2LODq"
    >
      <label
        class="FieldLabel-module_label__1zrXK "
        for="length"
      >
        Pituus (m)
      </label>
      <div
        class="TextInput-module_inputWrapper__3Rvel text-input_hds-text-input__input-wrapper__1OqYG"
      >
        <input
          class="TextInput-module_input__1BlHi text-input_hds-text-input__input__GJm5C"
          id="length"
          type="text"
          value="5"
        />
      </div>
    </div>
    <div
      class="TextInput-module_root__2CMNr text-input_hds-text-input__2LODq"
    >
      <label
        class="FieldLabel-module_label__1zrXK "
        for="depth"
      >
        Syvyys (m)
      </label>
      <div
        class="TextInput-module_inputWrapper__3Rvel text-input_hds-text-input__input-wrapper__1OqYG"
      >
        <input
          class="TextInput-module_input__1BlHi text-input_hds-text-input__input__GJm5C"
          id="depth"
          type="text"
          value="1"
        />
      </div>
    </div>
  </div>
  <hr />
  <div
    class="Select-module_root__Ka5uO"
  >
    <label
      class="FieldLabel-module_label__1zrXK "
      for="mooringType-toggle-button"
      id="mooringType-label"
    >
      Kiinnitystapa
      <span
        class="RequiredIndicator-module_indicator__Pt7GX text-input_hds-text-input__required__2K-Bs"
      >
         *
      </span>
    </label>
    <div
      class="Select-module_wrapper__1WQXs"
    >
      <button
        aria-expanded="false"
        aria-haspopup="listbox"
        aria-labelledby="mooringType-label mooringType-toggle-button"
        aria-owns="mooringType-menu"
        class="Select-module_button__1aIsm"
        id="mooringType-toggle-button"
        type="button"
      >
        <span
          class="Select-module_buttonLabel__1fqu5"
        >
          Aisapaikka
        </span>
        <svg
          aria-hidden="true"
          class="Icon-module_icon__1Jtzj icon_hds-icon__1YqNC Icon-module_s__2WGWe icon_hds-icon--size-s__2Lkik Select-module_angleIcon__2-9AD"
          role="img"
          viewBox="0 0 24 24"
          xmlns="http://www.w3.org/2000/svg"
        >
          <g
            fill="none"
            fill-rule="evenodd"
          >
            <path
              d="M0 0h24v24H0z"
            />
            <path
              d="M12 13.5l5-5 1.5 1.5-6.5 6.5L5.5 10 7 8.5z"
              fill="currentColor"
            />
          </g>
        </svg>
      </button>
      <ul
        aria-labelledby="mooringType-label"
        aria-required="true"
        class="Select-module_menu__1H2aU Select-module_overflow__EZdsW"
        id="mooringType-menu"
        role="listbox"
        style="max-height: 260px;"
        tabindex="-1"
      />
    </div>
  </div>
  <div
    class="TextInput-module_root__2CMNr text-input_hds-text-input__2LODq"
  >
    <label
      class="FieldLabel-module_label__1zrXK "
      for="comment"
    >
      Huomiot
    </label>
    <div
      class="TextInput-module_inputWrapper__3Rvel text-input_hds-text-input__input-wrapper__1OqYG"
    >
      <input
        class="TextInput-module_input__1BlHi text-input_hds-text-input__input__GJm5C"
        id="comment"
        type="text"
        value=""
      />
    </div>
  </div>
  <div
    class="Checkbox-module_checkbox__3L0GR checkbox_hds-checkbox__9HMCz checkbox"
  >
    <input
      checked=""
      class="Checkbox-module_input__3VZvy checkbox_hds-checkbox__input__1w0pu"
      id="isActive"
      type="checkbox"
      value=""
    />
    <label
      class="Checkbox-module_label__L5AN1 checkbox_hds-checkbox__label__3HoD3"
      for="isActive"
    >
      Paikka on käytössä
    </label>
  </div>
  <div
    class="formActionButtons"
  >
    <button
      class="Button-module_button__1msFE button_hds-button__2A0je Button-module_secondary__1nABp button_hds-button--secondary__1NOWS Button-module_theme-coat__2_3U7 button_hds-button--theme-coat__12cO0"
      color="supplementary"
      type="button"
    >
      <span
        class="Button-module_label__a4np1 button_hds-button__label__2EQa-"
      >
        Peruuta
      </span>
    </button>
    <button
      class="Button-module_button__1msFE button_hds-button__2A0je Button-module_primary__2LfKB button_hds-button--primary__2NVvO Button-module_theme-coat__2_3U7 button_hds-button--theme-coat__12cO0"
      type="submit"
    >
      <span
        class="Button-module_label__a4np1 button_hds-button__label__2EQa-"
      >
        Tallenna
      </span>
    </button>
  </div>
</form>
`;
