// Jest Snapshot v1, https://goo.gl/fbAQLP

exports[`Button renders normally 1`] = `
<button
  class="Button-module_button__1msFE button_hds-button__2A0je Button-module_primary__2LfKB button_hds-button--primary__2NVvO Button-module_theme-coat__2_3U7 button_hds-button--theme-coat__12cO0"
  type="button"
>
  <span
    class="Button-module_label__a4np1 button_hds-button__label__2EQa-"
  >
    Test
  </span>
</button>
`;
