// Jest Snapshot v1, https://goo.gl/fbAQLP

exports[`Table renders normally 1`] = `
<div>
  <div
    class="tableWrapper"
  >
    <div
      class="table primary noMainHeader"
      role="table"
      style="min-width:0px"
    >
      <div
        class="stickyHeaders"
      >
        <div
          class="header"
          role="row"
          style="display:flex;flex:1 0 auto;min-width:0px"
        >
          <div
            class="headerCell"
            colspan="1"
            role="columnheader"
            style="box-sizing:border-box;flex:150 0 auto;min-width:0px;width:150px;cursor:pointer"
            title="Toggle SortBy"
          >
            name
            <div
              class="sortArrowWrapper"
            >
              <svg
                class="Icon-module_icon__1Jtzj icon_hds-icon__1YqNC Icon-module_m__3edUY icon_hds-icon--size-m__1mcHv sortArrow sortArrowDown"
                role="img"
                viewBox="0 0 24 24"
                xmlns="http://www.w3.org/2000/svg"
              >
                <g
                  fill="none"
                  fill-rule="evenodd"
                >
                  <rect
                    height="24"
                    width="24"
                  />
                  <polygon
                    fill="currentColor"
                    points="10 5.5 11.5 7 7.5 11 20 11 20 13 7.5 13 11.5 17 10 18.5 3.5 12"
                  />
                </g>
              </svg>
            </div>
          </div>
          <div
            class="headerCell"
            colspan="1"
            role="columnheader"
            style="box-sizing:border-box;flex:150 0 auto;min-width:0px;width:150px;cursor:pointer"
            title="Toggle SortBy"
          >
            height
            <div
              class="sortArrowWrapper"
            >
              <svg
                class="Icon-module_icon__1Jtzj icon_hds-icon__1YqNC Icon-module_m__3edUY icon_hds-icon--size-m__1mcHv sortArrow sortArrowDown"
                role="img"
                viewBox="0 0 24 24"
                xmlns="http://www.w3.org/2000/svg"
              >
                <g
                  fill="none"
                  fill-rule="evenodd"
                >
                  <rect
                    height="24"
                    width="24"
                  />
                  <polygon
                    fill="currentColor"
                    points="10 5.5 11.5 7 7.5 11 20 11 20 13 7.5 13 11.5 17 10 18.5 3.5 12"
                  />
                </g>
              </svg>
            </div>
          </div>
          <div
            class="headerCell"
            colspan="1"
            role="columnheader"
            style="box-sizing:border-box;flex:150 0 auto;min-width:0px;width:150px;cursor:pointer"
            title="Toggle SortBy"
          >
            country
            <div
              class="sortArrowWrapper"
            >
              <svg
                class="Icon-module_icon__1Jtzj icon_hds-icon__1YqNC Icon-module_m__3edUY icon_hds-icon--size-m__1mcHv sortArrow sortArrowDown"
                role="img"
                viewBox="0 0 24 24"
                xmlns="http://www.w3.org/2000/svg"
              >
                <g
                  fill="none"
                  fill-rule="evenodd"
                >
                  <rect
                    height="24"
                    width="24"
                  />
                  <polygon
                    fill="currentColor"
                    points="10 5.5 11.5 7 7.5 11 20 11 20 13 7.5 13 11.5 17 10 18.5 3.5 12"
                  />
                </g>
              </svg>
            </div>
          </div>
        </div>
      </div>
      <div
        role="rowgroup"
      >
        <div
          class="rowWrapper"
        >
          <div
            role="row"
            style="display:flex;flex:1 0 auto;min-width:0px"
          >
            <div
              class="tableCell"
              role="cell"
              style="box-sizing:border-box;flex:150 0 auto;min-width:0px;width:150px"
            >
              foobar
            </div>
            <div
              class="tableCell"
              role="cell"
              style="box-sizing:border-box;flex:150 0 auto;min-width:0px;width:150px"
            >
              foobar
            </div>
            <div
              class="tableCell"
              role="cell"
              style="box-sizing:border-box;flex:150 0 auto;min-width:0px;width:150px"
            >
              foobar
            </div>
          </div>
        </div>
        <div
          class="rowWrapper"
        >
          <div
            role="row"
            style="display:flex;flex:1 0 auto;min-width:0px"
          >
            <div
              class="tableCell"
              role="cell"
              style="box-sizing:border-box;flex:150 0 auto;min-width:0px;width:150px"
            >
              foobar
            </div>
            <div
              class="tableCell"
              role="cell"
              style="box-sizing:border-box;flex:150 0 auto;min-width:0px;width:150px"
            >
              foobar
            </div>
            <div
              class="tableCell"
              role="cell"
              style="box-sizing:border-box;flex:150 0 auto;min-width:0px;width:150px"
            >
              foobar
            </div>
          </div>
        </div>
        <div
          class="rowWrapper"
        >
          <div
            role="row"
            style="display:flex;flex:1 0 auto;min-width:0px"
          >
            <div
              class="tableCell"
              role="cell"
              style="box-sizing:border-box;flex:150 0 auto;min-width:0px;width:150px"
            >
              foobar
            </div>
            <div
              class="tableCell"
              role="cell"
              style="box-sizing:border-box;flex:150 0 auto;min-width:0px;width:150px"
            >
              foobar
            </div>
            <div
              class="tableCell"
              role="cell"
              style="box-sizing:border-box;flex:150 0 auto;min-width:0px;width:150px"
            >
              foobar
            </div>
          </div>
        </div>
        <div
          class="rowWrapper"
        >
          <div
            role="row"
            style="display:flex;flex:1 0 auto;min-width:0px"
          >
            <div
              class="tableCell"
              role="cell"
              style="box-sizing:border-box;flex:150 0 auto;min-width:0px;width:150px"
            >
              foobar
            </div>
            <div
              class="tableCell"
              role="cell"
              style="box-sizing:border-box;flex:150 0 auto;min-width:0px;width:150px"
            >
              foobar
            </div>
            <div
              class="tableCell"
              role="cell"
              style="box-sizing:border-box;flex:150 0 auto;min-width:0px;width:150px"
            >
              foobar
            </div>
          </div>
        </div>
        <div
          class="rowWrapper"
        >
          <div
            role="row"
            style="display:flex;flex:1 0 auto;min-width:0px"
          >
            <div
              class="tableCell"
              role="cell"
              style="box-sizing:border-box;flex:150 0 auto;min-width:0px;width:150px"
            >
              foobar
            </div>
            <div
              class="tableCell"
              role="cell"
              style="box-sizing:border-box;flex:150 0 auto;min-width:0px;width:150px"
            >
              foobar
            </div>
            <div
              class="tableCell"
              role="cell"
              style="box-sizing:border-box;flex:150 0 auto;min-width:0px;width:150px"
            >
              foobar
            </div>
          </div>
        </div>
      </div>
    </div>
  </div>
</div>
`;
