// Jest Snapshot v1, https://goo.gl/fbAQLP

exports[`ApplicationHeader renders correctly 1`] = `
<div
  class="actions"
>
  <div
    class="noticeStatus"
  >
    <h2
      class="text standard h2 xl normalWeight"
    >
      text 01.01.1970
    </h2>
    <span
      class="StatusLabel-module_statusLabel__3R2J2 status-label_hds-status-label__1L8YI StatusLabel-module_alert__2VR8r status-label_hds-status-label--alert__1ecsX"
    >
      Odottaa käsittelyä
    </span>
  </div>
  <div
    class="actionsRight"
  >
    <button
      class="Button-module_button__3wgee button_hds-button__2A0je Button-module_secondary__399Vd button_hds-button--secondary__1NOWS Button-module_theme-coat__2xA5D button_hds-button--theme-coat__12cO0"
      type="button"
    >
      <span
        class="Button-module_label__2zMLC button_hds-button__label__2EQa-"
      >
        Poista ilmoitus
      </span>
    </button>
  </div>
</div>
`;
