// Jest Snapshot v1, https://goo.gl/fbAQLP

exports[`ListActions renders normally 1`] = `
<div
  class="container"
>
  <div
    class="Dropdown-module_root__3ro8_ select select"
  >
    <div
      class="Dropdown-module_wrapper__1sFxz"
    >
      <button
        aria-expanded="false"
        aria-haspopup="listbox"
        aria-labelledby="hds-label hds-toggle-button"
        class="Dropdown-module_buttonDropdown__2xA1D Dropdown-module_dropdown__34HBV"
        id="hds-toggle-button"
        type="button"
      >
        <span
          class="Dropdown-module_buttonLabel__3y4eg"
        >
          Toiminnot
        </span>
        <svg
          class="Icon-module_icon__1Jtzj icon_hds-icon__1YqNC Icon-module_s__2WGWe icon_hds-icon--size-s__2Lkik Dropdown-module_angleIcon__3-f8N"
          role="img"
          viewBox="0 0 24 24"
          xmlns="http://www.w3.org/2000/svg"
        >
          <g
            fill="none"
            fill-rule="evenodd"
          >
            <path
              d="M0 0h24v24H0z"
            />
            <path
              d="M12 13.5l5-5 1.5 1.5-6.5 6.5L5.5 10 7 8.5z"
              fill="currentColor"
            />
          </g>
        </svg>
      </button>
    </div>
    <ul
      aria-labelledby="hds-label"
      class="Dropdown-module_menu__3xwA0"
      id="hds-menu"
      role="listbox"
      style="max-height: calc(var(--dropdown-height) * 5);"
      tabindex="-1"
    />
  </div>
</div>
`;
