// Jest Snapshot v1, https://goo.gl/fbAQLP

exports[`WinterStorageAreaDetails renders normally 1`] = `
<div
  class="grid cols4"
>
  <div
    class="column"
  >
    <img
      alt="Kuva kohteesta"
      class="image"
      src="placeholderImage.svg"
    />
  </div>
  <div
    class="column"
  >
    <article
      class="section address"
    >
      <h4
        class="text standard h4 m title"
      >
        OSOITE
      </h4>
      <section
        class="body"
      >
        Pursilahdenranta 1, 00990 Helsinki
      </section>
    </article>
  </div>
  <div
    class="column"
  >
    <article
      class="section"
    >
      <h4
        class="text standard h4 m title"
      >
        SUURIN LEVEYS
      </h4>
      <section
        class="body"
      >
        <span
          class="text standard span"
        >
          5,0 m
        </span>
      </section>
    </article>
  </div>
  <div
    class="column"
  >
    <article
      class="section"
    >
      <h4
        class="text standard h4 m title"
      >
        KUNNOSSAPITO (PLACEHOLDER)
      </h4>
      <section
        class="body"
      >
        <p>
          Itäinen veneilytiimi
        </p>
        <p>
          (Kulosaaren sillasta itään)
        </p>
        <a
          class="link default"
          href="mailto:itainenveneilytiimi@hel.fi"
          rel="noopener noreferrer"
          target="_blank"
        >
          itainenveneilytiimi@hel.fi
        </a>
      </section>
    </article>
    <article
      class="section"
    >
      <h4
        class="text standard h4 m title"
      >
        SATAMAPÄÄLLIKKÖ (PLACEHOLDER)
      </h4>
      <section
        class="body"
      >
        <p>
          Mikko Mallikas
        </p>
        <p>
          +358 00 000 0000
        </p>
        <a
          class="link default"
          href="mailto:etunimi.sukunimi@gmail.com"
          rel="noopener noreferrer"
          target="_blank"
        >
          etunimi.sukunimi@gmail.com
        </a>
      </section>
    </article>
  </div>
</div>
`;
