// Jest Snapshot v1, https://goo.gl/fbAQLP

exports[`EditForm renders noData message when there is no data 1`] = `
<div
  class="editForm"
>
  <section
    aria-atomic="true"
    aria-label="Notification"
    class="Notification-module_notification__2hN3H notification_hds-notification__2DQPN"
  >
    <div
      class="Notification-module_content__ZZKvE notification_hds-notification__content__5ylSS"
    >
      <div
        aria-level="2"
        class="Notification-module_label__1bhNu notification_hds-notification__label__2t1lR"
        role="heading"
      >
        <svg
          aria-hidden="true"
          class="Icon-module_icon__1Jtzj icon_hds-icon__1YqNC Icon-module_s__2WGWe icon_hds-icon--size-s__2Lkik Notification-module_icon__1ans7 notification_hds-icon__29HQM"
          role="img"
          viewBox="0 0 24 24"
          xmlns="http://www.w3.org/2000/svg"
        >
          <g
            fill="none"
            fill-rule="evenodd"
          >
            <rect
              height="24"
              width="24"
            />
            <path
              d="M12,3 C7.02943725,3 3,7.02943725 3,12 C3,16.9705627 7.02943725,21 12,21 C16.9705627,21 21,16.9705627 21,12 C21,7.02943725 16.9705627,3 12,3 Z M13,10 L13,16.5 L15,16.5 L15,18 L9,18 L9,16.5 L11,16.5 L11,11.5 L9,11.5 L9,10 L13,10 Z M11.8125239,6 C12.5373649,6 13.125,6.58759799 13.125,7.3125 C13.125,8.03735415 12.5373649,8.625 11.8125239,8.625 C11.0876351,8.625 10.5,8.03735415 10.5,7.3125 C10.5,6.58759799 11.0876351,6 11.8125239,6 Z"
              fill="currentColor"
            />
          </g>
        </svg>
        Ei tietoja
      </div>
      <div
        class="Notification-module_body__9BSAD notification_hds-notification__body__3cobH"
      >
        Ei tietoja
      </div>
    </div>
  </section>
</div>
`;

exports[`EditForm renders normally 1`] = `
<form
  class="editForm"
>
  <div>
    <h4
      class="text brand h4 m uppercase"
    >
      Lisäpalvelut
    </h4>
    <ul
      class="list standard noBullets"
    >
      <li
        class="listItem"
      >
        <div
          class="Checkbox-module_checkbox__3L0GR checkbox_hds-checkbox__9HMCz"
        >
          <input
            class="Checkbox-module_input__3VZvy checkbox_hds-checkbox__input__1w0pu"
            id="MOCK-ADDITIONAL-PRODUCT"
            name="MOCK-ADDITIONAL-PRODUCT"
            type="checkbox"
            value=""
          />
          <label
            class="Checkbox-module_label__L5AN1 checkbox_hds-checkbox__label__3HoD3"
            for="MOCK-ADDITIONAL-PRODUCT"
          >
            Pysäköintilupa, Kausi
          </label>
        </div>
        <span>
          350,00 €
        </span>
      </li>
    </ul>
  </div>
  <div
    class="buttons"
  >
    <button
      class="Button-module_button__1msFE button_hds-button__2A0je Button-module_secondary__1nABp button_hds-button--secondary__1NOWS Button-module_theme-coat__2_3U7 button_hds-button--theme-coat__12cO0"
      type="button"
    >
      <span
        class="Button-module_label__a4np1 button_hds-button__label__2EQa-"
      >
        Peruuta
      </span>
    </button>
    <button
      class="Button-module_button__1msFE button_hds-button__2A0je Button-module_primary__2LfKB button_hds-button--primary__2NVvO Button-module_theme-coat__2_3U7 button_hds-button--theme-coat__12cO0"
      type="submit"
    >
      <span
        class="Button-module_label__a4np1 button_hds-button__label__2EQa-"
      >
        Tallenna
      </span>
    </button>
  </div>
</form>
`;
