// Jest Snapshot v1, https://goo.gl/fbAQLP

exports[`SendInvoiceFormContainer renders normally 1`] = `
<form
  action="#"
  class="form"
>
  <div
    class="heading"
  >
    <h4
      class="text brand h4"
    >
      LÄHETÄ LASKU
    </h4>
  </div>
  <p
    class="instructions"
  >
    Lasku lähetetään asiakkaan sähköpostiosoitteeseen (test@example.com) ja siihen merkitään alla oleva eräpäivä.
  </p>
  <p
    class="instructions"
  >
    Lähetettyä laskua ei voi enää muuttaa, mutta sen voi perua. Perumisesta lähetetään ilmoitus asiakkaalle
  </p>
  <div
    class="dueDate"
  >
    <div
      class="TextInput-module_root__2CMNr text-input_hds-text-input__2LODq"
    >
      <label
        class="FieldLabel-module_label__2tl-4 text-input_hds-text-input__label__pDw_W "
        for="dueDate"
      >
        Laskun eräpäivä
        <span
          aria-hidden="true"
          class="RequiredIndicator-module_indicator__Pt7GX text-input_hds-text-input__required__2K-Bs"
        >
          *
        </span>
      </label>
      <div
        class="TextInput-module_inputWrapper__3Rvel text-input_hds-text-input__input-wrapper__1OqYG"
      >
        <input
          class="TextInput-module_input__1BlHi text-input_hds-text-input__input__GJm5C"
          id="dueDate"
          required=""
          type="date"
          value="2020-10-07"
        />
      </div>
    </div>
  </div>
  <div
    class="formActionButtons"
  >
    <button
      class="Button-module_button__3wgee button_hds-button__2A0je Button-module_secondary__399Vd button_hds-button--secondary__1NOWS Button-module_theme-coat__2xA5D button_hds-button--theme-coat__12cO0"
      type="button"
    >
      <span
        class="Button-module_label__2zMLC button_hds-button__label__2EQa-"
      >
        Peruuta
      </span>
    </button>
    <button
      class="Button-module_button__3wgee button_hds-button__2A0je Button-module_primary__3bo_T button_hds-button--primary__2NVvO Button-module_theme-coat__2xA5D button_hds-button--theme-coat__12cO0"
      type="submit"
    >
      <span
        class="Button-module_label__2zMLC button_hds-button__label__2EQa-"
      >
        Lähetä
      </span>
    </button>
  </div>
</form>
`;
