// Jest Snapshot v1, https://goo.gl/fbAQLP

exports[`PricingPage renders normally 1`] = `
<div
  class="pageContent pricing"
>
  <h2
    class="text standard h2 xl normalWeight pageTitle"
  >
    HINNASTO
  </h2>
  <div
    class="grid cols2 twoCols"
  >
    <div
      class="card berthPricing"
    >
      <div
        class="cardHeader"
      >
        <span
          class="title"
        >
          Venepaikka
        </span>
      </div>
      <div
        class="cardBody"
      >
        <article
          class="section"
        >
          <section
            class="body"
          >
            Perushinta. Hinnat sisältävät alv 24 %.
          </section>
        </article>
        <div>
          <div
            class="tableWrapper"
          >
            <div
              class="table basic noMainHeader"
              role="table"
              style="min-width: 562.5px;"
            >
              <div
                class="stickyHeaders"
              >
                <div
                  class="header"
                  role="row"
                  style="display: flex; flex: 1 0 auto; min-width: 562.5px;"
                >
                  <div
                    class="headerCell"
                    colspan="1"
                    role="columnheader"
                    style="box-sizing: border-box; flex: 225 0 auto; min-width: 225px; width: 225px; cursor: pointer;"
                    title="Toggle SortBy"
                  >
                    Leveys
                    <div
                      class="sortArrowWrapper isSorted"
                    >
                      <svg
                        class="Icon-module_icon__1Jtzj icon_hds-icon__1YqNC Icon-module_m__3edUY icon_hds-icon--size-m__1mcHv sortArrow sortArrowDown"
                        role="img"
                        viewBox="0 0 24 24"
                        xmlns="http://www.w3.org/2000/svg"
                      >
                        <g
                          fill="none"
                          fill-rule="evenodd"
                        >
                          <rect
                            height="24"
                            width="24"
                          />
                          <polygon
                            fill="currentColor"
                            points="10 5.5 11.5 7 7.5 11 20 11 20 13 7.5 13 11.5 17 10 18.5 3.5 12"
                          />
                        </g>
                      </svg>
                    </div>
                  </div>
                  <div
                    class="headerCell"
                    colspan="1"
                    role="columnheader"
                    style="box-sizing: border-box; flex: 150 0 auto; min-width: 112.5px; width: 150px; cursor: pointer;"
                    title="Toggle SortBy"
                  >
                    1
                    <div
                      class="sortArrowWrapper"
                    >
                      <svg
                        class="Icon-module_icon__1Jtzj icon_hds-icon__1YqNC Icon-module_m__3edUY icon_hds-icon--size-m__1mcHv sortArrow sortArrowDown"
                        role="img"
                        viewBox="0 0 24 24"
                        xmlns="http://www.w3.org/2000/svg"
                      >
                        <g
                          fill="none"
                          fill-rule="evenodd"
                        >
                          <rect
                            height="24"
                            width="24"
                          />
                          <polygon
                            fill="currentColor"
                            points="10 5.5 11.5 7 7.5 11 20 11 20 13 7.5 13 11.5 17 10 18.5 3.5 12"
                          />
                        </g>
                      </svg>
                    </div>
                  </div>
                  <div
                    class="headerCell"
                    colspan="1"
                    role="columnheader"
                    style="box-sizing: border-box; flex: 150 0 auto; min-width: 112.5px; width: 150px; cursor: pointer;"
                    title="Toggle SortBy"
                  >
                    2
                    <div
                      class="sortArrowWrapper"
                    >
                      <svg
                        class="Icon-module_icon__1Jtzj icon_hds-icon__1YqNC Icon-module_m__3edUY icon_hds-icon--size-m__1mcHv sortArrow sortArrowDown"
                        role="img"
                        viewBox="0 0 24 24"
                        xmlns="http://www.w3.org/2000/svg"
                      >
                        <g
                          fill="none"
                          fill-rule="evenodd"
                        >
                          <rect
                            height="24"
                            width="24"
                          />
                          <polygon
                            fill="currentColor"
                            points="10 5.5 11.5 7 7.5 11 20 11 20 13 7.5 13 11.5 17 10 18.5 3.5 12"
                          />
                        </g>
                      </svg>
                    </div>
                  </div>
                  <div
                    class="headerCell"
                    colspan="1"
                    role="columnheader"
                    style="box-sizing: border-box; flex: 150 0 auto; min-width: 112.5px; width: 150px; cursor: pointer;"
                    title="Toggle SortBy"
                  >
                    3
                    <div
                      class="sortArrowWrapper"
                    >
                      <svg
                        class="Icon-module_icon__1Jtzj icon_hds-icon__1YqNC Icon-module_m__3edUY icon_hds-icon--size-m__1mcHv sortArrow sortArrowDown"
                        role="img"
                        viewBox="0 0 24 24"
                        xmlns="http://www.w3.org/2000/svg"
                      >
                        <g
                          fill="none"
                          fill-rule="evenodd"
                        >
                          <rect
                            height="24"
                            width="24"
                          />
                          <polygon
                            fill="currentColor"
                            points="10 5.5 11.5 7 7.5 11 20 11 20 13 7.5 13 11.5 17 10 18.5 3.5 12"
                          />
                        </g>
                      </svg>
                    </div>
                  </div>
                </div>
              </div>
              <div
                role="rowgroup"
              >
                <div
                  class="rowWrapper"
                >
                  <div
                    role="row"
                    style="display: flex; flex: 1 0 auto; min-width: 562.5px;"
                  >
                    <div
                      class="tableCell tableCell"
                      role="cell"
                      style="box-sizing: border-box; flex: 225 0 auto; min-width: 225px; width: 225px;"
                    >
                      3,0 m - 7,0 m
                    </div>
                    <div
                      class="tableCell tableCell"
                      role="cell"
                      style="box-sizing: border-box; flex: 150 0 auto; min-width: 112.5px; width: 150px;"
                    >
                      <div
                        class="grayCell"
                      >
                        50,00 €
                      </div>
                    </div>
                    <div
                      class="tableCell tableCell"
                      role="cell"
                      style="box-sizing: border-box; flex: 150 0 auto; min-width: 112.5px; width: 150px;"
                    >
                      <div
                        class="grayCell"
                      >
                        75,00 €
                      </div>
                    </div>
                    <div
                      class="tableCell tableCell"
                      role="cell"
                      style="box-sizing: border-box; flex: 150 0 auto; min-width: 112.5px; width: 150px;"
                    >
                      <div
                        class="grayCell"
                      >
                        100,00 €
                      </div>
                    </div>
                  </div>
                </div>
              </div>
            </div>
          </div>
        </div>
      </div>
    </div>
    <div
      class="card"
    >
      <div
        class="cardHeader"
      >
        <span
          class="title"
        >
          Satamaan liitetyt maksuluokat
        </span>
      </div>
      <div
        class="cardBody"
      >
        <div>
          <div
            class="tableWrapper"
          >
            <div
              class="table basic noMainHeader"
              role="table"
              style="min-width: 300px;"
            >
              <div
                class="stickyHeaders"
              >
                <div
                  class="header"
                  role="row"
                  style="display: flex; flex: 1 0 auto; min-width: 300px;"
                >
                  <div
                    class="headerCell"
                    colspan="1"
                    role="columnheader"
                    style="box-sizing: border-box; flex: 225 0 auto; min-width: 225px; width: 225px; cursor: pointer;"
                    title="Toggle SortBy"
                  >
                    Satama
                    <div
                      class="sortArrowWrapper isSorted"
                    >
                      <svg
                        class="Icon-module_icon__1Jtzj icon_hds-icon__1YqNC Icon-module_m__3edUY icon_hds-icon--size-m__1mcHv sortArrow sortArrowDown"
                        role="img"
                        viewBox="0 0 24 24"
                        xmlns="http://www.w3.org/2000/svg"
                      >
                        <g
                          fill="none"
                          fill-rule="evenodd"
                        >
                          <rect
                            height="24"
                            width="24"
                          />
                          <polygon
                            fill="currentColor"
                            points="10 5.5 11.5 7 7.5 11 20 11 20 13 7.5 13 11.5 17 10 18.5 3.5 12"
                          />
                        </g>
                      </svg>
                    </div>
                  </div>
                  <div
                    class="headerCell"
                    colspan="1"
                    role="columnheader"
                    style="box-sizing: border-box; flex: 75 0 auto; min-width: 75px; width: 75px; cursor: pointer;"
                    title="Toggle SortBy"
                  >
                    Maksuluokat
                    <div
                      class="sortArrowWrapper"
                    >
                      <svg
                        class="Icon-module_icon__1Jtzj icon_hds-icon__1YqNC Icon-module_m__3edUY icon_hds-icon--size-m__1mcHv sortArrow sortArrowDown"
                        role="img"
                        viewBox="0 0 24 24"
                        xmlns="http://www.w3.org/2000/svg"
                      >
                        <g
                          fill="none"
                          fill-rule="evenodd"
                        >
                          <rect
                            height="24"
                            width="24"
                          />
                          <polygon
                            fill="currentColor"
                            points="10 5.5 11.5 7 7.5 11 20 11 20 13 7.5 13 11.5 17 10 18.5 3.5 12"
                          />
                        </g>
                      </svg>
                    </div>
                  </div>
                </div>
              </div>
              <div
                role="rowgroup"
              >
                <div
                  class="rowWrapper"
                >
                  <div
                    role="row"
                    style="display: flex; flex: 1 0 auto; min-width: 300px;"
                  >
                    <div
                      class="tableCell"
                      role="cell"
                      style="box-sizing: border-box; flex: 225 0 auto; min-width: 225px; width: 225px;"
                    >
                      <a
                        class="internalLink brand"
                        href="#/harbors/98b7ab56-9c67-46dd-81b2-9eb6f66cbabe"
                        title="Pound Sterling"
                      >
                        Pound Sterling
                      </a>
                    </div>
                    <div
                      class="tableCell"
                      role="cell"
                      style="box-sizing: border-box; flex: 75 0 auto; min-width: 75px; width: 75px;"
                    >
                      1
                    </div>
                  </div>
                </div>
              </div>
            </div>
          </div>
        </div>
      </div>
    </div>
  </div>
  <div
    class="card"
  >
    <div
      class="cardHeader"
    >
      <span
        class="title"
      >
        Talvisäilytyspaikka
      </span>
    </div>
    <div
      class="cardBody"
    >
      <article
        class="section"
      >
        <section
          class="body"
        >
          Hinta €/m2 sisältäen palvelut. Hinnat sisältävät alv 24 %.
        </section>
      </article>
      <div>
        <div
          class="tableWrapper"
        >
          <div
            class="table basic noMainHeader"
            role="table"
            style="min-width: 112.5px;"
          >
            <div
              class="stickyHeaders"
            >
              <div
                class="header"
                role="row"
                style="display: flex; flex: 1 0 auto; min-width: 112.5px;"
              >
                <div
                  class="headerCell"
                  colspan="1"
                  role="columnheader"
                  style="box-sizing: border-box; flex: 150 0 auto; min-width: 0px; width: 150px; cursor: pointer;"
                  title="Toggle SortBy"
                >
                  Alue
                  <div
                    class="sortArrowWrapper isSorted"
                  >
                    <svg
                      class="Icon-module_icon__1Jtzj icon_hds-icon__1YqNC Icon-module_m__3edUY icon_hds-icon--size-m__1mcHv sortArrow sortArrowDown"
                      role="img"
                      viewBox="0 0 24 24"
                      xmlns="http://www.w3.org/2000/svg"
                    >
                      <g
                        fill="none"
                        fill-rule="evenodd"
                      >
                        <rect
                          height="24"
                          width="24"
                        />
                        <polygon
                          fill="currentColor"
                          points="10 5.5 11.5 7 7.5 11 20 11 20 13 7.5 13 11.5 17 10 18.5 3.5 12"
                        />
                      </g>
                    </svg>
                  </div>
                </div>
                <div
                  class="headerCell"
                  colspan="1"
                  role="columnheader"
                  style="box-sizing: border-box; flex: 150 0 auto; min-width: 0px; width: 150px; cursor: pointer;"
                  title="Toggle SortBy"
                >
                  Yksityinen
                  <div
                    class="sortArrowWrapper"
                  >
                    <svg
                      class="Icon-module_icon__1Jtzj icon_hds-icon__1YqNC Icon-module_m__3edUY icon_hds-icon--size-m__1mcHv sortArrow sortArrowDown"
                      role="img"
                      viewBox="0 0 24 24"
                      xmlns="http://www.w3.org/2000/svg"
                    >
                      <g
                        fill="none"
                        fill-rule="evenodd"
                      >
                        <rect
                          height="24"
                          width="24"
                        />
                        <polygon
                          fill="currentColor"
                          points="10 5.5 11.5 7 7.5 11 20 11 20 13 7.5 13 11.5 17 10 18.5 3.5 12"
                        />
                      </g>
                    </svg>
                  </div>
                </div>
                <div
                  class="headerCell"
                  colspan="1"
                  role="columnheader"
                  style="box-sizing: border-box; flex: 150 0 auto; min-width: 0px; width: 150px; cursor: pointer;"
                  title="Toggle SortBy"
                >
                  Yritys
                  <div
                    class="sortArrowWrapper"
                  >
                    <svg
                      class="Icon-module_icon__1Jtzj icon_hds-icon__1YqNC Icon-module_m__3edUY icon_hds-icon--size-m__1mcHv sortArrow sortArrowDown"
                      role="img"
                      viewBox="0 0 24 24"
                      xmlns="http://www.w3.org/2000/svg"
                    >
                      <g
                        fill="none"
                        fill-rule="evenodd"
                      >
                        <rect
                          height="24"
                          width="24"
                        />
                        <polygon
                          fill="currentColor"
                          points="10 5.5 11.5 7 7.5 11 20 11 20 13 7.5 13 11.5 17 10 18.5 3.5 12"
                        />
                      </g>
                    </svg>
                  </div>
                </div>
                <div
                  class="headerCell"
                  colspan="1"
                  role="columnheader"
                  style="box-sizing: border-box; flex: 150 0 auto; min-width: 0px; width: 150px; cursor: pointer;"
                  title="Toggle SortBy"
                >
                  Aika
                  <div
                    class="sortArrowWrapper"
                  >
                    <svg
                      class="Icon-module_icon__1Jtzj icon_hds-icon__1YqNC Icon-module_m__3edUY icon_hds-icon--size-m__1mcHv sortArrow sortArrowDown"
                      role="img"
                      viewBox="0 0 24 24"
                      xmlns="http://www.w3.org/2000/svg"
                    >
                      <g
                        fill="none"
                        fill-rule="evenodd"
                      >
                        <rect
                          height="24"
                          width="24"
                        />
                        <polygon
                          fill="currentColor"
                          points="10 5.5 11.5 7 7.5 11 20 11 20 13 7.5 13 11.5 17 10 18.5 3.5 12"
                        />
                      </g>
                    </svg>
                  </div>
                </div>
                <div
                  class="headerCell"
                  colspan="1"
                  role="columnheader"
                  style="box-sizing: border-box; flex: 112.5 0 auto; min-width: 112.5px; width: 112.5px;"
                >
                  Muokkaa
                </div>
              </div>
            </div>
            <div
              role="rowgroup"
            >
              <div
                class="rowWrapper"
              >
                <div
                  role="row"
                  style="display: flex; flex: 1 0 auto; min-width: 112.5px;"
                >
                  <div
                    class="tableCell"
                    role="cell"
                    style="box-sizing: border-box; flex: 150 0 auto; min-width: 0px; width: 150px;"
                  >
                    Corporate Developer Mobility
                  </div>
                  <div
                    class="tableCell"
                    role="cell"
                    style="box-sizing: border-box; flex: 150 0 auto; min-width: 0px; width: 150px;"
                  >
                    10,20 €
                  </div>
                  <div
                    class="tableCell"
                    role="cell"
                    style="box-sizing: border-box; flex: 150 0 auto; min-width: 0px; width: 150px;"
                  >
                    20,40 €
                  </div>
                  <div
                    class="tableCell"
                    role="cell"
                    style="box-sizing: border-box; flex: 150 0 auto; min-width: 0px; width: 150px;"
                  >
                    Kausi
                  </div>
                  <div
                    class="tableCell"
                    role="cell"
                    style="box-sizing: border-box; flex: 112.5 0 auto; min-width: 112.5px; width: 112.5px;"
                  >
                    <button>
                      <span
                        class="text brand span"
                      >
                        Muokkaa
                      </span>
                    </button>
                  </div>
                </div>
              </div>
            </div>
          </div>
        </div>
      </div>
    </div>
  </div>
  <div
    class="card"
  >
    <div
      class="cardHeader"
    >
      <span
        class="title"
      >
        Satamapalvelut
      </span>
    </div>
    <div
      class="cardBody"
    >
      <article
        class="section"
      >
        <section
          class="body"
        >
          Lisähinnat venepaikoille. Hinnat sisältävät alv 24 %.
        </section>
      </article>
      <div>
        <div
          class="tableWrapper"
        >
          <div
            class="table basic noMainHeader"
            role="table"
            style="min-width: 562.5px;"
          >
            <div
              class="stickyHeaders"
            >
              <div
                class="header"
                role="row"
                style="display: flex; flex: 1 0 auto; min-width: 562.5px;"
              >
                <div
                  class="headerCell"
                  colspan="1"
                  role="columnheader"
                  style="box-sizing: border-box; flex: 225 0 auto; min-width: 225px; width: 225px; cursor: pointer;"
                  title="Toggle SortBy"
                >
                  Palvelu
                  <div
                    class="sortArrowWrapper isSorted"
                  >
                    <svg
                      class="Icon-module_icon__1Jtzj icon_hds-icon__1YqNC Icon-module_m__3edUY icon_hds-icon--size-m__1mcHv sortArrow sortArrowDown"
                      role="img"
                      viewBox="0 0 24 24"
                      xmlns="http://www.w3.org/2000/svg"
                    >
                      <g
                        fill="none"
                        fill-rule="evenodd"
                      >
                        <rect
                          height="24"
                          width="24"
                        />
                        <polygon
                          fill="currentColor"
                          points="10 5.5 11.5 7 7.5 11 20 11 20 13 7.5 13 11.5 17 10 18.5 3.5 12"
                        />
                      </g>
                    </svg>
                  </div>
                </div>
                <div
                  class="headerCell"
                  colspan="1"
                  role="columnheader"
                  style="box-sizing: border-box; flex: 112.5 0 auto; min-width: 112.5px; width: 112.5px; cursor: pointer;"
                  title="Toggle SortBy"
                >
                  Hinta
                  <div
                    class="sortArrowWrapper"
                  >
                    <svg
                      class="Icon-module_icon__1Jtzj icon_hds-icon__1YqNC Icon-module_m__3edUY icon_hds-icon--size-m__1mcHv sortArrow sortArrowDown"
                      role="img"
                      viewBox="0 0 24 24"
                      xmlns="http://www.w3.org/2000/svg"
                    >
                      <g
                        fill="none"
                        fill-rule="evenodd"
                      >
                        <rect
                          height="24"
                          width="24"
                        />
                        <polygon
                          fill="currentColor"
                          points="10 5.5 11.5 7 7.5 11 20 11 20 13 7.5 13 11.5 17 10 18.5 3.5 12"
                        />
                      </g>
                    </svg>
                  </div>
                </div>
                <div
                  class="headerCell"
                  colspan="1"
                  role="columnheader"
                  style="box-sizing: border-box; flex: 112.5 0 auto; min-width: 112.5px; width: 112.5px; cursor: pointer;"
                  title="Toggle SortBy"
                >
                  Aika
                  <div
                    class="sortArrowWrapper"
                  >
                    <svg
                      class="Icon-module_icon__1Jtzj icon_hds-icon__1YqNC Icon-module_m__3edUY icon_hds-icon--size-m__1mcHv sortArrow sortArrowDown"
                      role="img"
                      viewBox="0 0 24 24"
                      xmlns="http://www.w3.org/2000/svg"
                    >
                      <g
                        fill="none"
                        fill-rule="evenodd"
                      >
                        <rect
                          height="24"
                          width="24"
                        />
                        <polygon
                          fill="currentColor"
                          points="10 5.5 11.5 7 7.5 11 20 11 20 13 7.5 13 11.5 17 10 18.5 3.5 12"
                        />
                      </g>
                    </svg>
                  </div>
                </div>
                <div
                  class="headerCell"
                  colspan="1"
                  role="columnheader"
                  style="box-sizing: border-box; flex: 112.5 0 auto; min-width: 112.5px; width: 112.5px;"
                >
                  Muokkaa
                </div>
              </div>
            </div>
            <div
              role="rowgroup"
            >
              <div
                class="rowWrapper"
              >
                <div
                  role="row"
                  style="display: flex; flex: 1 0 auto; min-width: 562.5px;"
                >
                  <div
                    class="tableCell"
                    role="cell"
                    style="box-sizing: border-box; flex: 225 0 auto; min-width: 225px; width: 225px;"
                  >
                    Jollapaikka
                  </div>
                  <div
                    class="tableCell"
                    role="cell"
                    style="box-sizing: border-box; flex: 112.5 0 auto; min-width: 112.5px; width: 112.5px;"
                  >
                    10,00 €
                  </div>
                  <div
                    class="tableCell"
                    role="cell"
                    style="box-sizing: border-box; flex: 112.5 0 auto; min-width: 112.5px; width: 112.5px;"
                  >
                    Kausi
                  </div>
                  <div
                    class="tableCell"
                    role="cell"
                    style="box-sizing: border-box; flex: 112.5 0 auto; min-width: 112.5px; width: 112.5px;"
                  >
                    <button>
                      <span
                        class="text brand span"
                      >
                        Muokkaa
                      </span>
                    </button>
                  </div>
                </div>
              </div>
            </div>
          </div>
        </div>
      </div>
    </div>
  </div>
  <div
    class="card additionalServicePricing"
  >
    <div
      class="cardHeader"
    >
      <span
        class="title"
      >
        Lisäpalvelut
      </span>
    </div>
    <div
      class="cardBody"
    >
      <div>
        <div
          class="tableWrapper"
        >
          <div
            class="table basic noMainHeader"
            role="table"
            style="min-width: 675px;"
          >
            <div
              class="stickyHeaders"
            >
              <div
                class="header"
                role="row"
                style="display: flex; flex: 1 0 auto; min-width: 675px;"
              >
                <div
                  class="headerCell"
                  colspan="1"
                  role="columnheader"
                  style="box-sizing: border-box; flex: 225 0 auto; min-width: 225px; width: 225px; cursor: pointer;"
                  title="Toggle SortBy"
                >
                  Palvelu
                  <div
                    class="sortArrowWrapper isSorted"
                  >
                    <svg
                      class="Icon-module_icon__1Jtzj icon_hds-icon__1YqNC Icon-module_m__3edUY icon_hds-icon--size-m__1mcHv sortArrow sortArrowDown"
                      role="img"
                      viewBox="0 0 24 24"
                      xmlns="http://www.w3.org/2000/svg"
                    >
                      <g
                        fill="none"
                        fill-rule="evenodd"
                      >
                        <rect
                          height="24"
                          width="24"
                        />
                        <polygon
                          fill="currentColor"
                          points="10 5.5 11.5 7 7.5 11 20 11 20 13 7.5 13 11.5 17 10 18.5 3.5 12"
                        />
                      </g>
                    </svg>
                  </div>
                </div>
                <div
                  class="headerCell"
                  colspan="1"
                  role="columnheader"
                  style="box-sizing: border-box; flex: 112.5 0 auto; min-width: 112.5px; width: 112.5px; cursor: pointer;"
                  title="Toggle SortBy"
                >
                  Hinta
                  <div
                    class="sortArrowWrapper"
                  >
                    <svg
                      class="Icon-module_icon__1Jtzj icon_hds-icon__1YqNC Icon-module_m__3edUY icon_hds-icon--size-m__1mcHv sortArrow sortArrowDown"
                      role="img"
                      viewBox="0 0 24 24"
                      xmlns="http://www.w3.org/2000/svg"
                    >
                      <g
                        fill="none"
                        fill-rule="evenodd"
                      >
                        <rect
                          height="24"
                          width="24"
                        />
                        <polygon
                          fill="currentColor"
                          points="10 5.5 11.5 7 7.5 11 20 11 20 13 7.5 13 11.5 17 10 18.5 3.5 12"
                        />
                      </g>
                    </svg>
                  </div>
                </div>
                <div
                  class="headerCell"
                  colspan="1"
                  role="columnheader"
                  style="box-sizing: border-box; flex: 112.5 0 auto; min-width: 112.5px; width: 112.5px; cursor: pointer;"
                  title="Toggle SortBy"
                >
                  ALV
                  <div
                    class="sortArrowWrapper"
                  >
                    <svg
                      class="Icon-module_icon__1Jtzj icon_hds-icon__1YqNC Icon-module_m__3edUY icon_hds-icon--size-m__1mcHv sortArrow sortArrowDown"
                      role="img"
                      viewBox="0 0 24 24"
                      xmlns="http://www.w3.org/2000/svg"
                    >
                      <g
                        fill="none"
                        fill-rule="evenodd"
                      >
                        <rect
                          height="24"
                          width="24"
                        />
                        <polygon
                          fill="currentColor"
                          points="10 5.5 11.5 7 7.5 11 20 11 20 13 7.5 13 11.5 17 10 18.5 3.5 12"
                        />
                      </g>
                    </svg>
                  </div>
                </div>
                <div
                  class="headerCell"
                  colspan="1"
                  role="columnheader"
                  style="box-sizing: border-box; flex: 112.5 0 auto; min-width: 112.5px; width: 112.5px; cursor: pointer;"
                  title="Toggle SortBy"
                >
                  Aika
                  <div
                    class="sortArrowWrapper"
                  >
                    <svg
                      class="Icon-module_icon__1Jtzj icon_hds-icon__1YqNC Icon-module_m__3edUY icon_hds-icon--size-m__1mcHv sortArrow sortArrowDown"
                      role="img"
                      viewBox="0 0 24 24"
                      xmlns="http://www.w3.org/2000/svg"
                    >
                      <g
                        fill="none"
                        fill-rule="evenodd"
                      >
                        <rect
                          height="24"
                          width="24"
                        />
                        <polygon
                          fill="currentColor"
                          points="10 5.5 11.5 7 7.5 11 20 11 20 13 7.5 13 11.5 17 10 18.5 3.5 12"
                        />
                      </g>
                    </svg>
                  </div>
                </div>
                <div
                  class="headerCell"
                  colspan="1"
                  role="columnheader"
                  style="box-sizing: border-box; flex: 112.5 0 auto; min-width: 112.5px; width: 112.5px;"
                >
                  Muokkaa
                </div>
              </div>
            </div>
            <div
              role="rowgroup"
            >
              <div
                class="rowWrapper"
              >
                <div
                  role="row"
                  style="display: flex; flex: 1 0 auto; min-width: 675px;"
                >
                  <div
                    class="tableCell"
                    role="cell"
                    style="box-sizing: border-box; flex: 225 0 auto; min-width: 225px; width: 225px;"
                  >
                    Jollapaikka
                  </div>
                  <div
                    class="tableCell"
                    role="cell"
                    style="box-sizing: border-box; flex: 112.5 0 auto; min-width: 112.5px; width: 112.5px;"
                  >
                    10,00 €
                  </div>
                  <div
                    class="tableCell"
                    role="cell"
                    style="box-sizing: border-box; flex: 112.5 0 auto; min-width: 112.5px; width: 112.5px;"
                  >
                    24 %
                  </div>
                  <div
                    class="tableCell"
                    role="cell"
                    style="box-sizing: border-box; flex: 112.5 0 auto; min-width: 112.5px; width: 112.5px;"
                  >
                    Kausi
                  </div>
                  <div
                    class="tableCell"
                    role="cell"
                    style="box-sizing: border-box; flex: 112.5 0 auto; min-width: 112.5px; width: 112.5px;"
                  >
                    <button>
                      <span
                        class="text brand span"
                      >
                        Muokkaa
                      </span>
                    </button>
                  </div>
                </div>
              </div>
            </div>
          </div>
        </div>
        <button
          class="addButton"
        >
          <span
            class="text brand span"
          >
            Lisää uusi
          </span>
        </button>
      </div>
    </div>
  </div>
</div>
`;
