// Jest Snapshot v1, https://goo.gl/fbAQLP

exports[`AdditionalServicesForm renders normally 1`] = `
<form
  action="#"
  class="form"
>
  <div
    class="heading"
  >
    <h4
      class="text brand h4"
    >
      Hinnaston muokkaus
    </h4>
  </div>
  <div
    class="row"
  >
    <div>
      <div
        class="formTypeTitleLabel"
      >
        Tietue
      </div>
      <div
        class="formTypeTitleValue"
      >
        Lisäpalvelut
      </div>
    </div>
  </div>
  <hr />
  <div
    class="grid cols1 row"
  >
    <div
      class="Select-module_root__Ka5uO Select-module_disabled__3MKDP"
    >
      <label
        class="FieldLabel-module_label__1zrXK "
        for="service-toggle-button"
        id="service-label"
      >
        Palvelu
        <span
          class="RequiredIndicator-module_indicator__Pt7GX text-input_hds-text-input__required__2K-Bs"
        >
           *
        </span>
      </label>
      <div
        class="Select-module_wrapper__1WQXs"
      >
        <button
          aria-expanded="false"
          aria-haspopup="listbox"
          aria-labelledby="service-label service-toggle-button"
          aria-owns="service-menu"
          class="Select-module_button__1aIsm Select-module_placeholder__21c0j"
          disabled=""
          id="service-toggle-button"
          type="button"
        >
          <svg
            aria-hidden="true"
            class="Icon-module_icon__1Jtzj icon_hds-icon__1YqNC Icon-module_s__2WGWe icon_hds-icon--size-s__2Lkik Select-module_angleIcon__2-9AD"
            role="img"
            viewBox="0 0 24 24"
            xmlns="http://www.w3.org/2000/svg"
          >
            <g
              fill="none"
              fill-rule="evenodd"
            >
              <path
                d="M0 0h24v24H0z"
              />
              <path
                d="M12 13.5l5-5 1.5 1.5-6.5 6.5L5.5 10 7 8.5z"
                fill="currentColor"
              />
            </g>
          </svg>
        </button>
        <ul
          aria-labelledby="service-label"
          aria-required="true"
          class="Select-module_menu__1H2aU Select-module_overflow__EZdsW"
          id="service-menu"
          role="listbox"
          style="max-height: 208px;"
          tabindex="-1"
        />
      </div>
    </div>
  </div>
  <div
    class="grid cols3 row"
  >
    <div
      class="TextInput-module_root__2CMNr text-input_hds-text-input__2LODq"
    >
      <label
        class="FieldLabel-module_label__1zrXK "
        for="priceValue"
      >
        Hinta
        <span
          class="RequiredIndicator-module_indicator__Pt7GX text-input_hds-text-input__required__2K-Bs"
        >
           *
        </span>
      </label>
      <div
        class="TextInput-module_inputWrapper__3Rvel text-input_hds-text-input__input-wrapper__1OqYG"
      >
        <input
          class="TextInput-module_input__1BlHi text-input_hds-text-input__input__GJm5C"
          id="priceValue"
          name="priceValue"
          required=""
          type="text"
          value="25"
        />
      </div>
    </div>
    <div
      class="Select-module_root__Ka5uO"
    >
      <label
        class="FieldLabel-module_label__1zrXK "
        for="priceUnit-toggle-button"
        id="priceUnit-label"
      >
        Yksikkö
        <span
          class="RequiredIndicator-module_indicator__Pt7GX text-input_hds-text-input__required__2K-Bs"
        >
           *
        </span>
      </label>
      <div
        class="Select-module_wrapper__1WQXs"
      >
        <button
          aria-expanded="false"
          aria-haspopup="listbox"
          aria-labelledby="priceUnit-label priceUnit-toggle-button"
          aria-owns="priceUnit-menu"
          class="Select-module_button__1aIsm"
          id="priceUnit-toggle-button"
          type="button"
        >
          <span
            class="Select-module_buttonLabel__1fqu5"
          >
            €
          </span>
          <svg
            aria-hidden="true"
            class="Icon-module_icon__1Jtzj icon_hds-icon__1YqNC Icon-module_s__2WGWe icon_hds-icon--size-s__2Lkik Select-module_angleIcon__2-9AD"
            role="img"
            viewBox="0 0 24 24"
            xmlns="http://www.w3.org/2000/svg"
          >
            <g
              fill="none"
              fill-rule="evenodd"
            >
              <path
                d="M0 0h24v24H0z"
              />
              <path
                d="M12 13.5l5-5 1.5 1.5-6.5 6.5L5.5 10 7 8.5z"
                fill="currentColor"
              />
            </g>
          </svg>
        </button>
        <ul
          aria-labelledby="priceUnit-label"
          aria-required="true"
          class="Select-module_menu__1H2aU"
          id="priceUnit-menu"
          role="listbox"
          style="max-height: 260px;"
          tabindex="-1"
        />
      </div>
    </div>
    <div
      class="Select-module_root__Ka5uO"
    >
      <label
        class="FieldLabel-module_label__1zrXK "
        for="taxPercentage-toggle-button"
        id="taxPercentage-label"
      >
        ALV
        <span
          class="RequiredIndicator-module_indicator__Pt7GX text-input_hds-text-input__required__2K-Bs"
        >
           *
        </span>
      </label>
      <div
        class="Select-module_wrapper__1WQXs"
      >
        <button
          aria-expanded="false"
          aria-haspopup="listbox"
          aria-labelledby="taxPercentage-label taxPercentage-toggle-button"
          aria-owns="taxPercentage-menu"
          class="Select-module_button__1aIsm"
          id="taxPercentage-toggle-button"
          type="button"
        >
          <span
            class="Select-module_buttonLabel__1fqu5"
          >
            24 %
          </span>
          <svg
            aria-hidden="true"
            class="Icon-module_icon__1Jtzj icon_hds-icon__1YqNC Icon-module_s__2WGWe icon_hds-icon--size-s__2Lkik Select-module_angleIcon__2-9AD"
            role="img"
            viewBox="0 0 24 24"
            xmlns="http://www.w3.org/2000/svg"
          >
            <g
              fill="none"
              fill-rule="evenodd"
            >
              <path
                d="M0 0h24v24H0z"
              />
              <path
                d="M12 13.5l5-5 1.5 1.5-6.5 6.5L5.5 10 7 8.5z"
                fill="currentColor"
              />
            </g>
          </svg>
        </button>
        <ul
          aria-labelledby="taxPercentage-label"
          aria-required="true"
          class="Select-module_menu__1H2aU"
          id="taxPercentage-menu"
          role="listbox"
          style="max-height: 260px;"
          tabindex="-1"
        />
      </div>
    </div>
  </div>
  <div
    class="grid cols3 row"
  >
    <div
      class="Select-module_root__Ka5uO Select-module_disabled__3MKDP"
    >
      <label
        class="FieldLabel-module_label__1zrXK "
        for="period-toggle-button"
        id="period-label"
      >
        Aika
        <span
          class="RequiredIndicator-module_indicator__Pt7GX text-input_hds-text-input__required__2K-Bs"
        >
           *
        </span>
      </label>
      <div
        class="Select-module_wrapper__1WQXs"
      >
        <button
          aria-expanded="false"
          aria-haspopup="listbox"
          aria-labelledby="period-label period-toggle-button"
          aria-owns="period-menu"
          class="Select-module_button__1aIsm"
          disabled=""
          id="period-toggle-button"
          type="button"
        >
          <span
            class="Select-module_buttonLabel__1fqu5"
          >
            Kausi
          </span>
          <svg
            aria-hidden="true"
            class="Icon-module_icon__1Jtzj icon_hds-icon__1YqNC Icon-module_s__2WGWe icon_hds-icon--size-s__2Lkik Select-module_angleIcon__2-9AD"
            role="img"
            viewBox="0 0 24 24"
            xmlns="http://www.w3.org/2000/svg"
          >
            <g
              fill="none"
              fill-rule="evenodd"
            >
              <path
                d="M0 0h24v24H0z"
              />
              <path
                d="M12 13.5l5-5 1.5 1.5-6.5 6.5L5.5 10 7 8.5z"
                fill="currentColor"
              />
            </g>
          </svg>
        </button>
        <ul
          aria-labelledby="period-label"
          aria-required="true"
          class="Select-module_menu__1H2aU"
          id="period-menu"
          role="listbox"
          style="max-height: 260px;"
          tabindex="-1"
        />
      </div>
    </div>
  </div>
  <div
    class="buttonRow"
  >
    <button
      class="Button-module_button__1msFE button_hds-button__2A0je Button-module_secondary__1nABp button_hds-button--secondary__1NOWS Button-module_theme-coat__2_3U7 button_hds-button--theme-coat__12cO0"
      id="cancel"
      type="button"
    >
      <span
        class="Button-module_label__a4np1 button_hds-button__label__2EQa-"
      >
        Peruuta
      </span>
    </button>
    <button
      aria-disabled="true"
      class="Button-module_button__1msFE button_hds-button__2A0je Button-module_primary__2LfKB button_hds-button--primary__2NVvO Button-module_theme-coat__2_3U7 button_hds-button--theme-coat__12cO0"
      disabled=""
      type="submit"
    >
      <span
        class="Button-module_label__a4np1 button_hds-button__label__2EQa-"
      >
        Tallenna
      </span>
    </button>
  </div>
</form>
`;
