// Jest Snapshot v1, https://goo.gl/fbAQLP

exports[`AdditionalServicesForm renders normally 1`] = `
<form
  action="#"
  class="form"
>
  <div
    class="row"
  >
    <div>
      <div
        class="formTypeTitleLabel"
      >
        Tietue
      </div>
      <div
        class="formTypeTitleValue"
      >
        Lisäpalvelut
      </div>
    </div>
  </div>
  <hr />
  <div
    class="grid cols1 row"
  >
    <div
      class="Dropdown-module_root__3ro8_ Dropdown-module_disabled__sDjft select"
    >
      <label
        class="FieldLabel-module_label__2tl-4 text-input_hds-text-input__label__pDw_W "
        for="service-toggle-button"
        id="service-label"
      >
        Palvelu
        <span
          aria-hidden="true"
          class="RequiredIndicator-module_indicator__Pt7GX text-input_hds-text-input__required__2K-Bs"
        >
          *
        </span>
      </label>
      <div
        class="Dropdown-module_wrapper__1sFxz"
      >
        <button
          aria-expanded="false"
          aria-haspopup="listbox"
          aria-labelledby="service-label service-toggle-button"
          class="Dropdown-module_buttonDropdown__2xA1D Dropdown-module_dropdown__34HBV Dropdown-module_placeholder__1kfMz"
          disabled=""
          id="service-toggle-button"
          type="button"
        >
          <span
            class="Dropdown-module_buttonLabel__3y4eg"
          />
          <svg
            class="Icon-module_icon__1Jtzj icon_hds-icon__1YqNC Icon-module_s__2WGWe icon_hds-icon--size-s__2Lkik Dropdown-module_angleIcon__3-f8N"
            role="img"
            viewBox="0 0 24 24"
            xmlns="http://www.w3.org/2000/svg"
          >
            <g
              fill="none"
              fill-rule="evenodd"
            >
              <path
                d="M0 0h24v24H0z"
              />
              <path
                d="M12 13.5l5-5 1.5 1.5-6.5 6.5L5.5 10 7 8.5z"
                fill="currentColor"
              />
            </g>
          </svg>
        </button>
      </div>
      <ul
        aria-labelledby="service-label"
        class="Dropdown-module_menu__3xwA0 Dropdown-module_overflow__3tPgF"
        id="service-menu"
        role="listbox"
        style="max-height: calc(var(--dropdown-height) * 4);"
        tabindex="-1"
      />
    </div>
  </div>
  <div
    class="grid cols3 row"
  >
    <div
      class="TextInput-module_root__2CMNr text-input_hds-text-input__2LODq"
    >
      <label
        class="FieldLabel-module_label__2tl-4 text-input_hds-text-input__label__pDw_W "
        for="priceValue"
      >
        Hinta
        <span
          aria-hidden="true"
          class="RequiredIndicator-module_indicator__Pt7GX text-input_hds-text-input__required__2K-Bs"
        >
          *
        </span>
      </label>
      <div
        class="TextInput-module_inputWrapper__3Rvel text-input_hds-text-input__input-wrapper__1OqYG"
      >
        <input
          class="TextInput-module_input__1BlHi text-input_hds-text-input__input__GJm5C"
          id="priceValue"
          name="priceValue"
          required=""
          type="text"
          value="25"
        />
      </div>
    </div>
    <div
      class="Dropdown-module_root__3ro8_ select"
    >
      <label
        class="FieldLabel-module_label__2tl-4 text-input_hds-text-input__label__pDw_W "
        for="priceUnit-toggle-button"
        id="priceUnit-label"
      >
        Yksikkö
        <span
          aria-hidden="true"
          class="RequiredIndicator-module_indicator__Pt7GX text-input_hds-text-input__required__2K-Bs"
        >
          *
        </span>
      </label>
      <div
        class="Dropdown-module_wrapper__1sFxz"
      >
        <button
          aria-expanded="false"
          aria-haspopup="listbox"
          aria-labelledby="priceUnit-label priceUnit-toggle-button"
          class="Dropdown-module_buttonDropdown__2xA1D Dropdown-module_dropdown__34HBV"
          id="priceUnit-toggle-button"
          type="button"
        >
          <span
            class="Dropdown-module_buttonLabel__3y4eg"
          >
            €
          </span>
          <svg
            class="Icon-module_icon__1Jtzj icon_hds-icon__1YqNC Icon-module_s__2WGWe icon_hds-icon--size-s__2Lkik Dropdown-module_angleIcon__3-f8N"
            role="img"
            viewBox="0 0 24 24"
            xmlns="http://www.w3.org/2000/svg"
          >
            <g
              fill="none"
              fill-rule="evenodd"
            >
              <path
                d="M0 0h24v24H0z"
              />
              <path
                d="M12 13.5l5-5 1.5 1.5-6.5 6.5L5.5 10 7 8.5z"
                fill="currentColor"
              />
            </g>
          </svg>
        </button>
      </div>
      <ul
        aria-labelledby="priceUnit-label"
        class="Dropdown-module_menu__3xwA0"
        id="priceUnit-menu"
        role="listbox"
        style="max-height: calc(var(--dropdown-height) * 5);"
        tabindex="-1"
      />
    </div>
    <div
      class="Dropdown-module_root__3ro8_ select"
    >
      <label
        class="FieldLabel-module_label__2tl-4 text-input_hds-text-input__label__pDw_W "
        for="taxPercentage-toggle-button"
        id="taxPercentage-label"
      >
        ALV
        <span
          aria-hidden="true"
          class="RequiredIndicator-module_indicator__Pt7GX text-input_hds-text-input__required__2K-Bs"
        >
          *
        </span>
      </label>
      <div
        class="Dropdown-module_wrapper__1sFxz"
      >
        <button
          aria-expanded="false"
          aria-haspopup="listbox"
          aria-labelledby="taxPercentage-label taxPercentage-toggle-button"
          class="Dropdown-module_buttonDropdown__2xA1D Dropdown-module_dropdown__34HBV"
          id="taxPercentage-toggle-button"
          type="button"
        >
          <span
            class="Dropdown-module_buttonLabel__3y4eg"
          >
            24 %
          </span>
          <svg
            class="Icon-module_icon__1Jtzj icon_hds-icon__1YqNC Icon-module_s__2WGWe icon_hds-icon--size-s__2Lkik Dropdown-module_angleIcon__3-f8N"
            role="img"
            viewBox="0 0 24 24"
            xmlns="http://www.w3.org/2000/svg"
          >
            <g
              fill="none"
              fill-rule="evenodd"
            >
              <path
                d="M0 0h24v24H0z"
              />
              <path
                d="M12 13.5l5-5 1.5 1.5-6.5 6.5L5.5 10 7 8.5z"
                fill="currentColor"
              />
            </g>
          </svg>
        </button>
      </div>
      <ul
        aria-labelledby="taxPercentage-label"
        class="Dropdown-module_menu__3xwA0"
        id="taxPercentage-menu"
        role="listbox"
        style="max-height: calc(var(--dropdown-height) * 5);"
        tabindex="-1"
      />
    </div>
  </div>
  <div
    class="grid cols3 row"
  >
    <div
      class="Dropdown-module_root__3ro8_ select"
    >
      <label
        class="FieldLabel-module_label__2tl-4 text-input_hds-text-input__label__pDw_W "
        for="period-toggle-button"
        id="period-label"
      >
        Aika
        <span
          aria-hidden="true"
          class="RequiredIndicator-module_indicator__Pt7GX text-input_hds-text-input__required__2K-Bs"
        >
          *
        </span>
      </label>
      <div
        class="Dropdown-module_wrapper__1sFxz"
      >
        <button
          aria-expanded="false"
          aria-haspopup="listbox"
          aria-labelledby="period-label period-toggle-button"
          class="Dropdown-module_buttonDropdown__2xA1D Dropdown-module_dropdown__34HBV"
          id="period-toggle-button"
          type="button"
        >
          <span
            class="Dropdown-module_buttonLabel__3y4eg"
          >
            Kausi
          </span>
          <svg
            class="Icon-module_icon__1Jtzj icon_hds-icon__1YqNC Icon-module_s__2WGWe icon_hds-icon--size-s__2Lkik Dropdown-module_angleIcon__3-f8N"
            role="img"
            viewBox="0 0 24 24"
            xmlns="http://www.w3.org/2000/svg"
          >
            <g
              fill="none"
              fill-rule="evenodd"
            >
              <path
                d="M0 0h24v24H0z"
              />
              <path
                d="M12 13.5l5-5 1.5 1.5-6.5 6.5L5.5 10 7 8.5z"
                fill="currentColor"
              />
            </g>
          </svg>
        </button>
      </div>
      <ul
        aria-labelledby="period-label"
        class="Dropdown-module_menu__3xwA0"
        id="period-menu"
        role="listbox"
        style="max-height: calc(var(--dropdown-height) * 5);"
        tabindex="-1"
      />
    </div>
  </div>
  <div
    class="buttonRow"
  >
    <button
      class="Button-module_button__3wgee button_hds-button__2A0je Button-module_secondary__399Vd button_hds-button--secondary__1NOWS Button-module_theme-coat__2xA5D button_hds-button--theme-coat__12cO0"
      id="cancel"
      type="button"
    >
      <span
        class="Button-module_label__2zMLC button_hds-button__label__2EQa-"
      >
        Peruuta
      </span>
    </button>
    <button
      class="Button-module_button__3wgee button_hds-button__2A0je Button-module_primary__3bo_T button_hds-button--primary__2NVvO Button-module_theme-coat__2xA5D button_hds-button--theme-coat__12cO0"
      disabled=""
      type="submit"
    >
      <span
        class="Button-module_label__2zMLC button_hds-button__label__2EQa-"
      >
        Tallenna
      </span>
    </button>
  </div>
</form>
`;
